Job ID: 3232563
--------- n_run 1 -----------------


Epoch 1/300
Train Loss: 0.8883, LR: 0.000007
tensor(1., device='cuda:0', grad_fn=<ExpBackward0>)

Epoch 101/300
Train Loss: 0.1012, LR: 0.000669
tensor(1., device='cuda:0', grad_fn=<ExpBackward0>)

Epoch 201/300
Train Loss: 0.0745, LR: 0.000750
tensor(1., device='cuda:0', grad_fn=<ExpBackward0>)
AUC:        0.9278
Avg Precision: 0.9838
FPR@95:     0.5217
AUC: 0.9278 | FPR@95: 0.5217 | AP: 0.9838 | time: 51.87s

--------- n_run 2 -----------------


Epoch 1/300
Train Loss: 0.8892, LR: 0.000007
tensor(1., device='cuda:0', grad_fn=<ExpBackward0>)

Epoch 101/300
Train Loss: 0.0966, LR: 0.000669
tensor(1., device='cuda:0', grad_fn=<ExpBackward0>)

Epoch 201/300
Train Loss: 0.0802, LR: 0.000750
tensor(1., device='cuda:0', grad_fn=<ExpBackward0>)
AUC:        0.9134
Avg Precision: 0.9802
FPR@95:     0.5652
AUC: 0.9134 | FPR@95: 0.5652 | AP: 0.9802 | time: 50.55s

--------- n_run 3 -----------------


Epoch 1/300
Train Loss: 0.8908, LR: 0.000007
tensor(1., device='cuda:0', grad_fn=<ExpBackward0>)

Epoch 101/300
Train Loss: 0.0996, LR: 0.000669
tensor(1., device='cuda:0', grad_fn=<ExpBackward0>)

Epoch 201/300
Train Loss: 0.0763, LR: 0.000750
tensor(1., device='cuda:0', grad_fn=<ExpBackward0>)
AUC:        0.9166
Avg Precision: 0.9813
FPR@95:     0.5217
AUC: 0.9166 | FPR@95: 0.5217 | AP: 0.9813 | time: 50.66s

========================================
Dataset:        MVTecAD
Inlier class:   capsule
Embedding type: vit_base_patch16_224
AD model:       flocat-genagn
Training time:  51.02 sec
----------------------------------------
AUC:            0.9193 ± 0.0062
Avg Precision:  0.9817 ± 0.0015
FPR@95:         0.5362 ± 0.0205
========================================



########################################
   Comptabilité du calcul 3232563 
########################################
$ sacct --format='JobID,Partition,JobName,MaxRSS,MaxVMSize,NTasks,AllocCPUS,Start,End,Elapsed,AveCPU,MinCPU,NNodes,ExitCode,State' -j 3232563
JobID             Partition  JobName        MaxRSS   MaxVMSize  NTasks  AllocCPUS  Start                End                  Elapsed   AveCPU  MinCPU  NNodes  ExitCode  State      
-----             ---------  -------        -------  ---------  ------  ---------  -----                ---                  -------   ------  ------  ------  --------  -----      
3232556_2         hpda_mig   flocat-genagn                              4          2026-09-16T16:23:11  2026-09-16T16:25:49  00:02:38                  1       0:0       COMPLETED  
3232556_2.batch              batch                              1       4          2026-09-16T16:23:11  2026-09-16T16:25:49  00:02:38                  1       0:0       COMPLETED  
3232556_2.extern             extern                             1       4          2026-09-16T16:23:11  2026-09-16T16:25:49  00:02:38                  1       0:0       COMPLETED  

$ sacct --format='JobID,JobName,AllocCPUS,ReqTRES,AllocTRES,NNodes,NodeList,Elapsed,CPUTime' -j 3232563
JobID             JobName        AllocCPUS  ReqTRES                                                              AllocTRES                                                             NNodes  NodeList  Elapsed   CPUTime   
-----             -------        ---------  -------                                                              ---------                                                             ------  --------  -------   -------   
3232556_2         flocat-genagn  4          billing=1,cpu=1,gres/gpu:a100_3g.40gb=1,gres/gpu=1,mem=3685M,node=1  billing=4,cpu=4,gres/gpu:a100_3g.40gb=1,gres/gpu=1,mem=14740M,node=1  1       c23hpda5  00:02:38  00:10:32  
3232556_2.batch   batch          4                                                                               cpu=4,gres/gpu:a100_3g.40gb=1,gres/gpu=1,mem=14740M,node=1            1       c23hpda5  00:02:38  00:10:32  
3232556_2.extern  extern         4                                                                               billing=4,cpu=4,gres/gpu:a100_3g.40gb=1,gres/gpu=1,mem=14740M,node=1  1       c23hpda5  00:02:38  00:10:32  

Pour plus d'informations sur la comptabilité du calcul, merci de consulter la documentation http://www-tech.criann.fr ou le manuel 'man sacct'
