Job ID: 3230757

Epoch 1/300
Train Loss: 3.3124, LR: 0.000007
tensor(1., device='cuda:0', grad_fn=<ExpBackward0>)

Epoch 101/300
Train Loss: 0.6362, LR: 0.000669
tensor(1., device='cuda:0', grad_fn=<ExpBackward0>)

Epoch 201/300
Train Loss: 0.4826, LR: 0.000750
tensor(1., device='cuda:0', grad_fn=<ExpBackward0>)
AUC:        0.7813
Avg Precision: 0.7687
FPR@95:     0.5833
AUC: 0.7813 | FPR@95: 0.5833 | AP: 0.7687 | time: 77.81s

========================================
Dataset:        MVTecAD
Inlier class:   transistor
Embedding type: vit_base_patch16_224
AD model:       flocat-genagn
Training time:  77.81 sec
----------------------------------------
AUC:            0.7813 ± 0.0000
Avg Precision:  0.7687 ± 0.0000
FPR@95:         0.5833 ± 0.0000
========================================



########################################
   Comptabilité du calcul 3230757 
########################################
$ sacct --format='JobID,Partition,JobName,MaxRSS,MaxVMSize,NTasks,AllocCPUS,Start,End,Elapsed,AveCPU,MinCPU,NNodes,ExitCode,State' -j 3230757
JobID              Partition  JobName        MaxRSS   MaxVMSize  NTasks  AllocCPUS  Start                End                  Elapsed   AveCPU  MinCPU  NNodes  ExitCode  State      
-----              ---------  -------        -------  ---------  ------  ---------  -----                ---                  -------   ------  ------  ------  --------  -----      
3230682_12         hpda_mig   flocat-genagn                              4          2026-09-15T17:16:56  2026-09-15T17:18:20  00:01:24                  1       0:0       COMPLETED  
3230682_12.batch              batch                              1       4          2026-09-15T17:16:56  2026-09-15T17:18:20  00:01:24                  1       0:0       COMPLETED  
3230682_12.extern             extern                             1       4          2026-09-15T17:16:56  2026-09-15T17:18:20  00:01:24                  1       0:0       COMPLETED  

$ sacct --format='JobID,JobName,AllocCPUS,ReqTRES,AllocTRES,NNodes,NodeList,Elapsed,CPUTime' -j 3230757
JobID              JobName        AllocCPUS  ReqTRES                                                              AllocTRES                                                             NNodes  NodeList  Elapsed   CPUTime   
-----              -------        ---------  -------                                                              ---------                                                             ------  --------  -------   -------   
3230682_12         flocat-genagn  4          billing=1,cpu=1,gres/gpu:a100_3g.40gb=1,gres/gpu=1,mem=3685M,node=1  billing=4,cpu=4,gres/gpu:a100_3g.40gb=1,gres/gpu=1,mem=14740M,node=1  1       c23hpda5  00:01:24  00:05:36  
3230682_12.batch   batch          4                                                                               cpu=4,gres/gpu:a100_3g.40gb=1,gres/gpu=1,mem=14740M,node=1            1       c23hpda5  00:01:24  00:05:36  
3230682_12.extern  extern         4                                                                               billing=4,cpu=4,gres/gpu:a100_3g.40gb=1,gres/gpu=1,mem=14740M,node=1  1       c23hpda5  00:01:24  00:05:36  

Pour plus d'informations sur la comptabilité du calcul, merci de consulter la documentation http://www-tech.criann.fr ou le manuel 'man sacct'
