Job ID: 3233893
--------- n_run 1 -----------------


Epoch 1/300
Train Loss: 1.5626, LR: 0.000007
tensor(1.0000, grad_fn=<ExpBackward0>)

Epoch 101/300
Train Loss: 0.0922, LR: 0.000669
tensor(0.9768, grad_fn=<ExpBackward0>)

Epoch 201/300
Train Loss: 0.0548, LR: 0.000750
tensor(0.8769, grad_fn=<ExpBackward0>)
AUC:        0.7105
Avg Precision: 0.8327
FPR@95:     0.4737
AUC: 0.7105 | FPR@95: 0.4737 | AP: 0.8327 | time: 97.89s

--------- n_run 2 -----------------


Epoch 1/300
Train Loss: 1.5366, LR: 0.000007
tensor(1.0000, grad_fn=<ExpBackward0>)

Epoch 101/300
Train Loss: 0.0906, LR: 0.000669
tensor(0.9770, grad_fn=<ExpBackward0>)

Epoch 201/300
Train Loss: 0.0552, LR: 0.000750
tensor(0.8778, grad_fn=<ExpBackward0>)
AUC:        0.7167
Avg Precision: 0.8353
FPR@95:     0.3684
AUC: 0.7167 | FPR@95: 0.3684 | AP: 0.8353 | time: 94.75s

--------- n_run 3 -----------------


Epoch 1/300
Train Loss: 1.5411, LR: 0.000007
tensor(1.0000, grad_fn=<ExpBackward0>)

Epoch 101/300
Train Loss: 0.0956, LR: 0.000669
tensor(0.9770, grad_fn=<ExpBackward0>)

Epoch 201/300
Train Loss: 0.0531, LR: 0.000750
tensor(0.8785, grad_fn=<ExpBackward0>)
AUC:        0.7202
Avg Precision: 0.8384
FPR@95:     0.4737
AUC: 0.7202 | FPR@95: 0.4737 | AP: 0.8384 | time: 93.64s

========================================
Dataset:        MVTecAD
Inlier class:   wood
Embedding type: vit_base_patch16_224
AD model:       flocat-genagn
Training time:  95.43 sec
----------------------------------------
AUC:            0.7158 ± 0.0040
Avg Precision:  0.8355 ± 0.0023
FPR@95:         0.4386 ± 0.0496
========================================



########################################
   Comptabilité du calcul 3233893 
########################################
$ sacct --format='JobID,Partition,JobName,MaxRSS,MaxVMSize,NTasks,AllocCPUS,Start,End,Elapsed,AveCPU,MinCPU,NNodes,ExitCode,State' -j 3233893
JobID              Partition  JobName        MaxRSS   MaxVMSize  NTasks  AllocCPUS  Start                End                  Elapsed   AveCPU  MinCPU  NNodes  ExitCode  State      
-----              ---------  -------        -------  ---------  ------  ---------  -----                ---                  -------   ------  ------  ------  --------  -----      
3233879_13         hpda       flocat-genagn                              2          2026-09-17T10:02:14  2026-09-17T10:07:11  00:04:57                  1       0:0       COMPLETED  
3233879_13.batch              batch                              1       2          2026-09-17T10:02:14  2026-09-17T10:07:11  00:04:57                  1       0:0       COMPLETED  
3233879_13.extern             extern                             1       2          2026-09-17T10:02:14  2026-09-17T10:07:11  00:04:57                  1       0:0       COMPLETED  

$ sacct --format='JobID,JobName,AllocCPUS,ReqTRES,AllocTRES,NNodes,NodeList,Elapsed,CPUTime' -j 3233893
JobID              JobName        AllocCPUS  ReqTRES                           AllocTRES                         NNodes  NodeList  Elapsed   CPUTime   
-----              -------        ---------  -------                           ---------                         ------  --------  -------   -------   
3233879_13         flocat-genagn  2          billing=1,cpu=1,mem=3685M,node=1  billing=2,cpu=2,mem=7370M,node=1  1       c23hpda2  00:04:57  00:09:54  
3233879_13.batch   batch          2                                            cpu=2,mem=7370M,node=1            1       c23hpda2  00:04:57  00:09:54  
3233879_13.extern  extern         2                                            billing=2,cpu=2,mem=7370M,node=1  1       c23hpda2  00:04:57  00:09:54  

Pour plus d'informations sur la comptabilité du calcul, merci de consulter la documentation http://www-tech.criann.fr ou le manuel 'man sacct'
