Job ID: 3229406

Epoch 1/300
Train Loss: 0.6367, LR: 0.000007
tensor(1.2214, device='cuda:0', grad_fn=<ExpBackward0>)

Epoch 101/300
Train Loss: 0.0243, LR: 0.000669
tensor(1.2214, device='cuda:0', grad_fn=<ExpBackward0>)

Epoch 201/300
Train Loss: 0.0141, LR: 0.000750
tensor(0.9231, device='cuda:0', grad_fn=<ExpBackward0>)
AUC:        0.8336
Avg Precision: 0.9262
FPR@95:     0.6341
AUC: 0.8336 | FPR@95: 0.6341 | AP: 0.9262 | time: 1151.99s

========================================
Dataset:        MVTecAD
Inlier class:   screw
Embedding type: wide_resnet50_2
AD model:       flocat-genagn
Training time:  1151.99 sec
----------------------------------------
AUC:            0.8336 ± 0.0000
Avg Precision:  0.9262 ± 0.0000
FPR@95:         0.6341 ± 0.0000
========================================



########################################
   Comptabilité du calcul 3229406 
########################################
$ sacct --format='JobID,Partition,JobName,MaxRSS,MaxVMSize,NTasks,AllocCPUS,Start,End,Elapsed,AveCPU,MinCPU,NNodes,ExitCode,State' -j 3229406
JobID           Partition  JobName        MaxRSS   MaxVMSize  NTasks  AllocCPUS  Start                End                  Elapsed   AveCPU  MinCPU  NNodes  ExitCode  State      
-----           ---------  -------        -------  ---------  ------  ---------  -----                ---                  -------   ------  ------  ------  --------  -----      
3229406         hpda_mig   flocat-genagn                              4          2026-09-14T16:26:04  2026-09-14T16:45:26  00:19:22                  1       0:0       COMPLETED  
3229406.batch              batch                              1       4          2026-09-14T16:26:04  2026-09-14T16:45:26  00:19:22                  1       0:0       COMPLETED  
3229406.extern             extern                             1       4          2026-09-14T16:26:04  2026-09-14T16:45:26  00:19:22                  1       0:0       COMPLETED  

$ sacct --format='JobID,JobName,AllocCPUS,ReqTRES,AllocTRES,NNodes,NodeList,Elapsed,CPUTime' -j 3229406
JobID           JobName        AllocCPUS  ReqTRES                                                              AllocTRES                                                             NNodes  NodeList  Elapsed   CPUTime   
-----           -------        ---------  -------                                                              ---------                                                             ------  --------  -------   -------   
3229406         flocat-genagn  4          billing=1,cpu=1,gres/gpu:a100_3g.40gb=1,gres/gpu=1,mem=3685M,node=1  billing=4,cpu=4,gres/gpu:a100_3g.40gb=1,gres/gpu=1,mem=14740M,node=1  1       c23hpda5  00:19:22  01:17:28  
3229406.batch   batch          4                                                                               cpu=4,gres/gpu:a100_3g.40gb=1,gres/gpu=1,mem=14740M,node=1            1       c23hpda5  00:19:22  01:17:28  
3229406.extern  extern         4                                                                               billing=4,cpu=4,gres/gpu:a100_3g.40gb=1,gres/gpu=1,mem=14740M,node=1  1       c23hpda5  00:19:22  01:17:28  

Pour plus d'informations sur la comptabilité du calcul, merci de consulter la documentation http://www-tech.criann.fr ou le manuel 'man sacct'
