Job ID: 3230729

Epoch 1/300
Train Loss: 0.8515, LR: 0.000007
tensor(1., device='cuda:0', grad_fn=<ExpBackward0>)

Epoch 101/300
Train Loss: 0.1081, LR: 0.000669
tensor(1., device='cuda:0', grad_fn=<ExpBackward0>)

Epoch 201/300
Train Loss: 0.0753, LR: 0.000750
tensor(1., device='cuda:0', grad_fn=<ExpBackward0>)
AUC:        0.9799
Avg Precision: 0.9942
FPR@95:     0.1786
AUC: 0.9799 | FPR@95: 0.1786 | AP: 0.9942 | time: 101.68s

========================================
Dataset:        MVTecAD
Inlier class:   carpet
Embedding type: vit_base_patch16_224
AD model:       flocat-genagn
Training time:  101.68 sec
----------------------------------------
AUC:            0.9799 ± 0.0000
Avg Precision:  0.9942 ± 0.0000
FPR@95:         0.1786 ± 0.0000
========================================



########################################
   Comptabilité du calcul 3230729 
########################################
$ sacct --format='JobID,Partition,JobName,MaxRSS,MaxVMSize,NTasks,AllocCPUS,Start,End,Elapsed,AveCPU,MinCPU,NNodes,ExitCode,State' -j 3230729
JobID             Partition  JobName        MaxRSS   MaxVMSize  NTasks  AllocCPUS  Start                End                  Elapsed   AveCPU  MinCPU  NNodes  ExitCode  State      
-----             ---------  -------        -------  ---------  ------  ---------  -----                ---                  -------   ------  ------  ------  --------  -----      
3230682_3         hpda_mig   flocat-genagn                              4          2026-09-15T16:58:56  2026-09-15T17:00:43  00:01:47                  1       0:0       COMPLETED  
3230682_3.batch              batch                              1       4          2026-09-15T16:58:56  2026-09-15T17:00:43  00:01:47                  1       0:0       COMPLETED  
3230682_3.extern             extern                             1       4          2026-09-15T16:58:56  2026-09-15T17:00:44  00:01:48                  1       0:0       COMPLETED  

$ sacct --format='JobID,JobName,AllocCPUS,ReqTRES,AllocTRES,NNodes,NodeList,Elapsed,CPUTime' -j 3230729
JobID             JobName        AllocCPUS  ReqTRES                                                              AllocTRES                                                             NNodes  NodeList  Elapsed   CPUTime   
-----             -------        ---------  -------                                                              ---------                                                             ------  --------  -------   -------   
3230682_3         flocat-genagn  4          billing=1,cpu=1,gres/gpu:a100_3g.40gb=1,gres/gpu=1,mem=3685M,node=1  billing=4,cpu=4,gres/gpu:a100_3g.40gb=1,gres/gpu=1,mem=14740M,node=1  1       c23hpda5  00:01:47  00:07:08  
3230682_3.batch   batch          4                                                                               cpu=4,gres/gpu:a100_3g.40gb=1,gres/gpu=1,mem=14740M,node=1            1       c23hpda5  00:01:47  00:07:08  
3230682_3.extern  extern         4                                                                               billing=4,cpu=4,gres/gpu:a100_3g.40gb=1,gres/gpu=1,mem=14740M,node=1  1       c23hpda5  00:01:48  00:07:12  

Pour plus d'informations sur la comptabilité du calcul, merci de consulter la documentation http://www-tech.criann.fr ou le manuel 'man sacct'
