Job ID: 3232612
--------- n_run 1 -----------------


Epoch 1/300
Train Loss: 2.7643, LR: 0.000007
tensor(1., device='cuda:0', grad_fn=<ExpBackward0>)

Epoch 101/300
Train Loss: 0.2543, LR: 0.000669
tensor(1., device='cuda:0', grad_fn=<ExpBackward0>)

Epoch 201/300
Train Loss: 0.1965, LR: 0.000750
tensor(1., device='cuda:0', grad_fn=<ExpBackward0>)
AUC:        0.9974
Avg Precision: 0.9992
FPR@95:     0.0000
AUC: 0.9974 | FPR@95: 0.0000 | AP: 0.9992 | time: 65.89s

--------- n_run 2 -----------------


Epoch 1/300
Train Loss: 2.7780, LR: 0.000007
tensor(1., device='cuda:0', grad_fn=<ExpBackward0>)

Epoch 101/300
Train Loss: 0.2626, LR: 0.000669
tensor(1., device='cuda:0', grad_fn=<ExpBackward0>)

Epoch 201/300
Train Loss: 0.1970, LR: 0.000750
tensor(1., device='cuda:0', grad_fn=<ExpBackward0>)
AUC:        0.9974
Avg Precision: 0.9992
FPR@95:     0.0000
AUC: 0.9974 | FPR@95: 0.0000 | AP: 0.9992 | time: 58.83s

--------- n_run 3 -----------------


Epoch 1/300
Train Loss: 2.7540, LR: 0.000007
tensor(1., device='cuda:0', grad_fn=<ExpBackward0>)

Epoch 101/300
Train Loss: 0.2419, LR: 0.000669
tensor(1., device='cuda:0', grad_fn=<ExpBackward0>)

Epoch 201/300
Train Loss: 0.1891, LR: 0.000750
tensor(1., device='cuda:0', grad_fn=<ExpBackward0>)
AUC:        0.9974
Avg Precision: 0.9992
FPR@95:     0.0000
AUC: 0.9974 | FPR@95: 0.0000 | AP: 0.9992 | time: 59.17s

========================================
Dataset:        MVTecAD
Inlier class:   wood
Embedding type: vit_base_patch16_224
AD model:       flocat-genagn
Training time:  61.30 sec
----------------------------------------
AUC:            0.9974 ± 0.0000
Avg Precision:  0.9992 ± 0.0000
FPR@95:         0.0000 ± 0.0000
========================================



########################################
   Comptabilité du calcul 3232612 
########################################
$ sacct --format='JobID,Partition,JobName,MaxRSS,MaxVMSize,NTasks,AllocCPUS,Start,End,Elapsed,AveCPU,MinCPU,NNodes,ExitCode,State' -j 3232612
JobID              Partition  JobName        MaxRSS   MaxVMSize  NTasks  AllocCPUS  Start                End                  Elapsed   AveCPU  MinCPU  NNodes  ExitCode  State      
-----              ---------  -------        -------  ---------  ------  ---------  -----                ---                  -------   ------  ------  ------  --------  -----      
3232556_13         hpda_mig   flocat-genagn                              4          2026-09-16T17:01:11  2026-09-16T17:04:20  00:03:09                  1       0:0       COMPLETED  
3232556_13.batch              batch                              1       4          2026-09-16T17:01:11  2026-09-16T17:04:20  00:03:09                  1       0:0       COMPLETED  
3232556_13.extern             extern                             1       4          2026-09-16T17:01:11  2026-09-16T17:04:20  00:03:09                  1       0:0       COMPLETED  

$ sacct --format='JobID,JobName,AllocCPUS,ReqTRES,AllocTRES,NNodes,NodeList,Elapsed,CPUTime' -j 3232612
JobID              JobName        AllocCPUS  ReqTRES                                                              AllocTRES                                                             NNodes  NodeList  Elapsed   CPUTime   
-----              -------        ---------  -------                                                              ---------                                                             ------  --------  -------   -------   
3232556_13         flocat-genagn  4          billing=1,cpu=1,gres/gpu:a100_3g.40gb=1,gres/gpu=1,mem=3685M,node=1  billing=4,cpu=4,gres/gpu:a100_3g.40gb=1,gres/gpu=1,mem=14740M,node=1  1       c23hpda5  00:03:09  00:12:36  
3232556_13.batch   batch          4                                                                               cpu=4,gres/gpu:a100_3g.40gb=1,gres/gpu=1,mem=14740M,node=1            1       c23hpda5  00:03:09  00:12:36  
3232556_13.extern  extern         4                                                                               billing=4,cpu=4,gres/gpu:a100_3g.40gb=1,gres/gpu=1,mem=14740M,node=1  1       c23hpda5  00:03:09  00:12:36  

Pour plus d'informations sur la comptabilité du calcul, merci de consulter la documentation http://www-tech.criann.fr ou le manuel 'man sacct'
