Job ID: 3229404

Epoch 1/300
Train Loss: 0.2730, LR: 0.000007
tensor(1.2214, device='cuda:0', grad_fn=<ExpBackward0>)

Epoch 101/300
Train Loss: 0.0479, LR: 0.000669
tensor(1.2214, device='cuda:0', grad_fn=<ExpBackward0>)

Epoch 201/300
Train Loss: 0.0179, LR: 0.000750
tensor(0.9886, device='cuda:0', grad_fn=<ExpBackward0>)
AUC:        0.8703
Avg Precision: 0.9132
FPR@95:     0.4138
AUC: 0.8703 | FPR@95: 0.4138 | AP: 0.9132 | time: 807.26s

========================================
Dataset:        MVTecAD
Inlier class:   cable
Embedding type: wide_resnet50_2
AD model:       flocat-genagn
Training time:  807.26 sec
----------------------------------------
AUC:            0.8703 ± 0.0000
Avg Precision:  0.9132 ± 0.0000
FPR@95:         0.4138 ± 0.0000
========================================



########################################
   Comptabilité du calcul 3229404 
########################################
$ sacct --format='JobID,Partition,JobName,MaxRSS,MaxVMSize,NTasks,AllocCPUS,Start,End,Elapsed,AveCPU,MinCPU,NNodes,ExitCode,State' -j 3229404
JobID           Partition  JobName        MaxRSS   MaxVMSize  NTasks  AllocCPUS  Start                End                  Elapsed   AveCPU  MinCPU  NNodes  ExitCode  State      
-----           ---------  -------        -------  ---------  ------  ---------  -----                ---                  -------   ------  ------  ------  --------  -----      
3229404         hpda_mig   flocat-genagn                              4          2026-09-14T16:25:34  2026-09-14T16:39:11  00:13:37                  1       0:0       COMPLETED  
3229404.batch              batch                              1       4          2026-09-14T16:25:34  2026-09-14T16:39:11  00:13:37                  1       0:0       COMPLETED  
3229404.extern             extern                             1       4          2026-09-14T16:25:34  2026-09-14T16:39:11  00:13:37                  1       0:0       COMPLETED  

$ sacct --format='JobID,JobName,AllocCPUS,ReqTRES,AllocTRES,NNodes,NodeList,Elapsed,CPUTime' -j 3229404
JobID           JobName        AllocCPUS  ReqTRES                                                              AllocTRES                                                             NNodes  NodeList  Elapsed   CPUTime   
-----           -------        ---------  -------                                                              ---------                                                             ------  --------  -------   -------   
3229404         flocat-genagn  4          billing=1,cpu=1,gres/gpu:a100_3g.40gb=1,gres/gpu=1,mem=3685M,node=1  billing=4,cpu=4,gres/gpu:a100_3g.40gb=1,gres/gpu=1,mem=14740M,node=1  1       c23hpda5  00:13:37  00:54:28  
3229404.batch   batch          4                                                                               cpu=4,gres/gpu:a100_3g.40gb=1,gres/gpu=1,mem=14740M,node=1            1       c23hpda5  00:13:37  00:54:28  
3229404.extern  extern         4                                                                               billing=4,cpu=4,gres/gpu:a100_3g.40gb=1,gres/gpu=1,mem=14740M,node=1  1       c23hpda5  00:13:37  00:54:28  

Pour plus d'informations sur la comptabilité du calcul, merci de consulter la documentation http://www-tech.criann.fr ou le manuel 'man sacct'
