Job ID: 3232655
--------- n_run 1 -----------------


Epoch 1/300
Train Loss: 2.5563, LR: 0.000007
tensor(1., device='cuda:0', grad_fn=<ExpBackward0>)

Epoch 101/300
Train Loss: 0.1905, LR: 0.000669
tensor(1., device='cuda:0', grad_fn=<ExpBackward0>)

Epoch 201/300
Train Loss: 0.0519, LR: 0.000750
tensor(1., device='cuda:0', grad_fn=<ExpBackward0>)
AUC:        0.9611
Avg Precision: 0.9850
FPR@95:     0.2500
AUC: 0.9611 | FPR@95: 0.2500 | AP: 0.9850 | time: 23.79s

--------- n_run 2 -----------------


Epoch 1/300
Train Loss: 2.5730, LR: 0.000007
tensor(1., device='cuda:0', grad_fn=<ExpBackward0>)

Epoch 101/300
Train Loss: 0.2101, LR: 0.000669
tensor(1., device='cuda:0', grad_fn=<ExpBackward0>)

Epoch 201/300
Train Loss: 0.0531, LR: 0.000750
tensor(1., device='cuda:0', grad_fn=<ExpBackward0>)
AUC:        0.9528
Avg Precision: 0.9817
FPR@95:     0.3333
AUC: 0.9528 | FPR@95: 0.3333 | AP: 0.9817 | time: 22.35s

--------- n_run 3 -----------------


Epoch 1/300
Train Loss: 2.5724, LR: 0.000007
tensor(1., device='cuda:0', grad_fn=<ExpBackward0>)

Epoch 101/300
Train Loss: 0.1866, LR: 0.000669
tensor(1., device='cuda:0', grad_fn=<ExpBackward0>)

Epoch 201/300
Train Loss: 0.0445, LR: 0.000750
tensor(1., device='cuda:0', grad_fn=<ExpBackward0>)
AUC:        0.9639
Avg Precision: 0.9867
FPR@95:     0.3333
AUC: 0.9639 | FPR@95: 0.3333 | AP: 0.9867 | time: 22.38s

========================================
Dataset:        MVTecAD
Inlier class:   toothbrush
Embedding type: vit_base_patch16_224
AD model:       flocat-genagn
Training time:  22.84 sec
----------------------------------------
AUC:            0.9593 ± 0.0047
Avg Precision:  0.9845 ± 0.0021
FPR@95:         0.3056 ± 0.0393
========================================



########################################
   Comptabilité du calcul 3232655 
########################################
$ sacct --format='JobID,Partition,JobName,MaxRSS,MaxVMSize,NTasks,AllocCPUS,Start,End,Elapsed,AveCPU,MinCPU,NNodes,ExitCode,State' -j 3232655
JobID              Partition  JobName        MaxRSS   MaxVMSize  NTasks  AllocCPUS  Start                End                  Elapsed   AveCPU  MinCPU  NNodes  ExitCode  State      
-----              ---------  -------        -------  ---------  ------  ---------  -----                ---                  -------   ------  ------  ------  --------  -----      
3232558_11         hpda_mig   flocat-genagn                              4          2026-09-16T17:35:55  2026-09-16T17:37:10  00:01:15                  1       0:0       COMPLETED  
3232558_11.batch              batch                              1       4          2026-09-16T17:35:55  2026-09-16T17:37:10  00:01:15                  1       0:0       COMPLETED  
3232558_11.extern             extern                             1       4          2026-09-16T17:35:55  2026-09-16T17:37:10  00:01:15                  1       0:0       COMPLETED  

$ sacct --format='JobID,JobName,AllocCPUS,ReqTRES,AllocTRES,NNodes,NodeList,Elapsed,CPUTime' -j 3232655
JobID              JobName        AllocCPUS  ReqTRES                                                              AllocTRES                                                             NNodes  NodeList  Elapsed   CPUTime   
-----              -------        ---------  -------                                                              ---------                                                             ------  --------  -------   -------   
3232558_11         flocat-genagn  4          billing=1,cpu=1,gres/gpu:a100_3g.40gb=1,gres/gpu=1,mem=3685M,node=1  billing=4,cpu=4,gres/gpu:a100_3g.40gb=1,gres/gpu=1,mem=14740M,node=1  1       c23hpda5  00:01:15  00:05:00  
3232558_11.batch   batch          4                                                                               cpu=4,gres/gpu:a100_3g.40gb=1,gres/gpu=1,mem=14740M,node=1            1       c23hpda5  00:01:15  00:05:00  
3232558_11.extern  extern         4                                                                               billing=4,cpu=4,gres/gpu:a100_3g.40gb=1,gres/gpu=1,mem=14740M,node=1  1       c23hpda5  00:01:15  00:05:00  

Pour plus d'informations sur la comptabilité du calcul, merci de consulter la documentation http://www-tech.criann.fr ou le manuel 'man sacct'
