Job ID: 3232642
--------- n_run 1 -----------------


Epoch 1/300
Train Loss: 3.4832, LR: 0.000007
tensor(1., device='cuda:0', grad_fn=<ExpBackward0>)

Epoch 101/300
Train Loss: 0.2143, LR: 0.000669
tensor(1., device='cuda:0', grad_fn=<ExpBackward0>)

Epoch 201/300
Train Loss: 0.1430, LR: 0.000750
tensor(1., device='cuda:0', grad_fn=<ExpBackward0>)
AUC:        0.8563
Avg Precision: 0.9407
FPR@95:     0.5238
AUC: 0.8563 | FPR@95: 0.5238 | AP: 0.9407 | time: 102.05s

--------- n_run 2 -----------------


Epoch 1/300
Train Loss: 3.4533, LR: 0.000007
tensor(1., device='cuda:0', grad_fn=<ExpBackward0>)

Epoch 101/300
Train Loss: 0.2182, LR: 0.000669
tensor(1., device='cuda:0', grad_fn=<ExpBackward0>)

Epoch 201/300
Train Loss: 0.1458, LR: 0.000750
tensor(1., device='cuda:0', grad_fn=<ExpBackward0>)
AUC:        0.8530
Avg Precision: 0.9408
FPR@95:     0.5714
AUC: 0.8530 | FPR@95: 0.5714 | AP: 0.9408 | time: 100.15s

--------- n_run 3 -----------------


Epoch 1/300
Train Loss: 3.4869, LR: 0.000007
tensor(1., device='cuda:0', grad_fn=<ExpBackward0>)

Epoch 101/300
Train Loss: 0.2134, LR: 0.000669
tensor(1., device='cuda:0', grad_fn=<ExpBackward0>)

Epoch 201/300
Train Loss: 0.1443, LR: 0.000750
tensor(1., device='cuda:0', grad_fn=<ExpBackward0>)
AUC:        0.8655
Avg Precision: 0.9462
FPR@95:     0.5714
AUC: 0.8655 | FPR@95: 0.5714 | AP: 0.9462 | time: 100.34s

========================================
Dataset:        MVTecAD
Inlier class:   grid
Embedding type: vit_base_patch16_224
AD model:       flocat-genagn
Training time:  100.84 sec
----------------------------------------
AUC:            0.8583 ± 0.0053
Avg Precision:  0.9426 ± 0.0026
FPR@95:         0.5556 ± 0.0224
========================================



########################################
   Comptabilité du calcul 3232642 
########################################
$ sacct --format='JobID,Partition,JobName,MaxRSS,MaxVMSize,NTasks,AllocCPUS,Start,End,Elapsed,AveCPU,MinCPU,NNodes,ExitCode,State' -j 3232642
JobID             Partition  JobName        MaxRSS   MaxVMSize  NTasks  AllocCPUS  Start                End                  Elapsed   AveCPU  MinCPU  NNodes  ExitCode  State      
-----             ---------  -------        -------  ---------  ------  ---------  -----                ---                  -------   ------  ------  ------  --------  -----      
3232558_4         hpda_mig   flocat-genagn                              4          2026-09-16T17:25:55  2026-09-16T17:31:04  00:05:09                  1       0:0       COMPLETED  
3232558_4.batch              batch                              1       4          2026-09-16T17:25:55  2026-09-16T17:31:04  00:05:09                  1       0:0       COMPLETED  
3232558_4.extern             extern                             1       4          2026-09-16T17:25:55  2026-09-16T17:31:04  00:05:09                  1       0:0       COMPLETED  

$ sacct --format='JobID,JobName,AllocCPUS,ReqTRES,AllocTRES,NNodes,NodeList,Elapsed,CPUTime' -j 3232642
JobID             JobName        AllocCPUS  ReqTRES                                                              AllocTRES                                                             NNodes  NodeList  Elapsed   CPUTime   
-----             -------        ---------  -------                                                              ---------                                                             ------  --------  -------   -------   
3232558_4         flocat-genagn  4          billing=1,cpu=1,gres/gpu:a100_3g.40gb=1,gres/gpu=1,mem=3685M,node=1  billing=4,cpu=4,gres/gpu:a100_3g.40gb=1,gres/gpu=1,mem=14740M,node=1  1       c23hpda5  00:05:09  00:20:36  
3232558_4.batch   batch          4                                                                               cpu=4,gres/gpu:a100_3g.40gb=1,gres/gpu=1,mem=14740M,node=1            1       c23hpda5  00:05:09  00:20:36  
3232558_4.extern  extern         4                                                                               billing=4,cpu=4,gres/gpu:a100_3g.40gb=1,gres/gpu=1,mem=14740M,node=1  1       c23hpda5  00:05:09  00:20:36  

Pour plus d'informations sur la comptabilité du calcul, merci de consulter la documentation http://www-tech.criann.fr ou le manuel 'man sacct'
