Job ID: 3230734

Epoch 1/300
Train Loss: 2.4650, LR: 0.000007
tensor(1., device='cuda:0', grad_fn=<ExpBackward0>)

Epoch 101/300
Train Loss: 0.3523, LR: 0.000669
tensor(1., device='cuda:0', grad_fn=<ExpBackward0>)

Epoch 201/300
Train Loss: 0.2733, LR: 0.000750
tensor(1., device='cuda:0', grad_fn=<ExpBackward0>)
AUC:        0.9225
Avg Precision: 0.9582
FPR@95:     0.4500
AUC: 0.9225 | FPR@95: 0.4500 | AP: 0.9582 | time: 137.26s

========================================
Dataset:        MVTecAD
Inlier class:   hazelnut
Embedding type: vit_base_patch16_224
AD model:       flocat-genagn
Training time:  137.26 sec
----------------------------------------
AUC:            0.9225 ± 0.0000
Avg Precision:  0.9582 ± 0.0000
FPR@95:         0.4500 ± 0.0000
========================================



########################################
   Comptabilité du calcul 3230734 
########################################
$ sacct --format='JobID,Partition,JobName,MaxRSS,MaxVMSize,NTasks,AllocCPUS,Start,End,Elapsed,AveCPU,MinCPU,NNodes,ExitCode,State' -j 3230734
JobID             Partition  JobName        MaxRSS   MaxVMSize  NTasks  AllocCPUS  Start                End                  Elapsed   AveCPU  MinCPU  NNodes  ExitCode  State      
-----             ---------  -------        -------  ---------  ------  ---------  -----                ---                  -------   ------  ------  ------  --------  -----      
3230682_5         hpda_mig   flocat-genagn                              4          2026-09-15T17:02:56  2026-09-15T17:05:19  00:02:23                  1       0:0       COMPLETED  
3230682_5.batch              batch                              1       4          2026-09-15T17:02:56  2026-09-15T17:05:19  00:02:23                  1       0:0       COMPLETED  
3230682_5.extern             extern                             1       4          2026-09-15T17:02:56  2026-09-15T17:05:19  00:02:23                  1       0:0       COMPLETED  

$ sacct --format='JobID,JobName,AllocCPUS,ReqTRES,AllocTRES,NNodes,NodeList,Elapsed,CPUTime' -j 3230734
JobID             JobName        AllocCPUS  ReqTRES                                                              AllocTRES                                                             NNodes  NodeList  Elapsed   CPUTime   
-----             -------        ---------  -------                                                              ---------                                                             ------  --------  -------   -------   
3230682_5         flocat-genagn  4          billing=1,cpu=1,gres/gpu:a100_3g.40gb=1,gres/gpu=1,mem=3685M,node=1  billing=4,cpu=4,gres/gpu:a100_3g.40gb=1,gres/gpu=1,mem=14740M,node=1  1       c23hpda5  00:02:23  00:09:32  
3230682_5.batch   batch          4                                                                               cpu=4,gres/gpu:a100_3g.40gb=1,gres/gpu=1,mem=14740M,node=1            1       c23hpda5  00:02:23  00:09:32  
3230682_5.extern  extern         4                                                                               billing=4,cpu=4,gres/gpu:a100_3g.40gb=1,gres/gpu=1,mem=14740M,node=1  1       c23hpda5  00:02:23  00:09:32  

Pour plus d'informations sur la comptabilité du calcul, merci de consulter la documentation http://www-tech.criann.fr ou le manuel 'man sacct'
