Job ID: 3232644
--------- n_run 1 -----------------


Epoch 1/300
Train Loss: 0.4257, LR: 0.000007
tensor(1., device='cuda:0', grad_fn=<ExpBackward0>)

Epoch 101/300
Train Loss: 0.0727, LR: 0.000669
tensor(1., device='cuda:0', grad_fn=<ExpBackward0>)

Epoch 201/300
Train Loss: 0.0481, LR: 0.000750
tensor(1., device='cuda:0', grad_fn=<ExpBackward0>)
AUC:        1.0000
Avg Precision: 1.0000
FPR@95:     0.0000
AUC: 1.0000 | FPR@95: 0.0000 | AP: 1.0000 | time: 104.79s

--------- n_run 2 -----------------


Epoch 1/300
Train Loss: 0.4214, LR: 0.000007
tensor(1., device='cuda:0', grad_fn=<ExpBackward0>)

Epoch 101/300
Train Loss: 0.0743, LR: 0.000669
tensor(1., device='cuda:0', grad_fn=<ExpBackward0>)

Epoch 201/300
Train Loss: 0.0473, LR: 0.000750
tensor(1., device='cuda:0', grad_fn=<ExpBackward0>)
AUC:        1.0000
Avg Precision: 1.0000
FPR@95:     0.0000
AUC: 1.0000 | FPR@95: 0.0000 | AP: 1.0000 | time: 104.69s

--------- n_run 3 -----------------


Epoch 1/300
Train Loss: 0.4238, LR: 0.000007
tensor(1., device='cuda:0', grad_fn=<ExpBackward0>)

Epoch 101/300
Train Loss: 0.0732, LR: 0.000669
tensor(1., device='cuda:0', grad_fn=<ExpBackward0>)

Epoch 201/300
Train Loss: 0.0468, LR: 0.000750
tensor(1., device='cuda:0', grad_fn=<ExpBackward0>)
AUC:        1.0000
Avg Precision: 1.0000
FPR@95:     0.0000
AUC: 1.0000 | FPR@95: 0.0000 | AP: 1.0000 | time: 92.85s

========================================
Dataset:        MVTecAD
Inlier class:   leather
Embedding type: vit_base_patch16_224
AD model:       flocat-genagn
Training time:  100.78 sec
----------------------------------------
AUC:            1.0000 ± 0.0000
Avg Precision:  1.0000 ± 0.0000
FPR@95:         0.0000 ± 0.0000
========================================



########################################
   Comptabilité du calcul 3232644 
########################################
$ sacct --format='JobID,Partition,JobName,MaxRSS,MaxVMSize,NTasks,AllocCPUS,Start,End,Elapsed,AveCPU,MinCPU,NNodes,ExitCode,State' -j 3232644
JobID             Partition  JobName        MaxRSS   MaxVMSize  NTasks  AllocCPUS  Start                End                  Elapsed   AveCPU  MinCPU  NNodes  ExitCode  State      
-----             ---------  -------        -------  ---------  ------  ---------  -----                ---                  -------   ------  ------  ------  --------  -----      
3232558_6         hpda_mig   flocat-genagn                              4          2026-09-16T17:27:25  2026-09-16T17:32:34  00:05:09                  1       0:0       COMPLETED  
3232558_6.batch              batch                              1       4          2026-09-16T17:27:25  2026-09-16T17:32:34  00:05:09                  1       0:0       COMPLETED  
3232558_6.extern             extern                             1       4          2026-09-16T17:27:25  2026-09-16T17:32:34  00:05:09                  1       0:0       COMPLETED  

$ sacct --format='JobID,JobName,AllocCPUS,ReqTRES,AllocTRES,NNodes,NodeList,Elapsed,CPUTime' -j 3232644
JobID             JobName        AllocCPUS  ReqTRES                                                              AllocTRES                                                             NNodes  NodeList  Elapsed   CPUTime   
-----             -------        ---------  -------                                                              ---------                                                             ------  --------  -------   -------   
3232558_6         flocat-genagn  4          billing=1,cpu=1,gres/gpu:a100_3g.40gb=1,gres/gpu=1,mem=3685M,node=1  billing=4,cpu=4,gres/gpu:a100_3g.40gb=1,gres/gpu=1,mem=14740M,node=1  1       c23hpda5  00:05:09  00:20:36  
3232558_6.batch   batch          4                                                                               cpu=4,gres/gpu:a100_3g.40gb=1,gres/gpu=1,mem=14740M,node=1            1       c23hpda5  00:05:09  00:20:36  
3232558_6.extern  extern         4                                                                               billing=4,cpu=4,gres/gpu:a100_3g.40gb=1,gres/gpu=1,mem=14740M,node=1  1       c23hpda5  00:05:09  00:20:36  

Pour plus d'informations sur la comptabilité du calcul, merci de consulter la documentation http://www-tech.criann.fr ou le manuel 'man sacct'
