Job ID: 3232607
--------- n_run 1 -----------------


Epoch 1/300
Train Loss: 3.1606, LR: 0.000007
tensor(1., device='cuda:0', grad_fn=<ExpBackward0>)

Epoch 101/300
Train Loss: 0.1978, LR: 0.000669
tensor(1., device='cuda:0', grad_fn=<ExpBackward0>)

Epoch 201/300
Train Loss: 0.0808, LR: 0.000750
tensor(0.9806, device='cuda:0', grad_fn=<ExpBackward0>)
AUC:        0.9694
Avg Precision: 0.9889
FPR@95:     0.2500
AUC: 0.9694 | FPR@95: 0.2500 | AP: 0.9889 | time: 16.25s

--------- n_run 2 -----------------


Epoch 1/300
Train Loss: 3.1359, LR: 0.000007
tensor(1., device='cuda:0', grad_fn=<ExpBackward0>)

Epoch 101/300
Train Loss: 0.2495, LR: 0.000669
tensor(1., device='cuda:0', grad_fn=<ExpBackward0>)

Epoch 201/300
Train Loss: 0.0870, LR: 0.000750
tensor(1., device='cuda:0', grad_fn=<ExpBackward0>)
AUC:        0.9778
Avg Precision: 0.9916
FPR@95:     0.2500
AUC: 0.9778 | FPR@95: 0.2500 | AP: 0.9916 | time: 14.73s

--------- n_run 3 -----------------


Epoch 1/300
Train Loss: 3.1346, LR: 0.000007
tensor(1., device='cuda:0', grad_fn=<ExpBackward0>)

Epoch 101/300
Train Loss: 0.2263, LR: 0.000669
tensor(1., device='cuda:0', grad_fn=<ExpBackward0>)

Epoch 201/300
Train Loss: 0.0728, LR: 0.000750
tensor(0.9844, device='cuda:0', grad_fn=<ExpBackward0>)
AUC:        0.9750
Avg Precision: 0.9910
FPR@95:     0.2500
AUC: 0.9750 | FPR@95: 0.2500 | AP: 0.9910 | time: 14.82s

========================================
Dataset:        MVTecAD
Inlier class:   toothbrush
Embedding type: vit_base_patch16_224
AD model:       flocat-genagn
Training time:  15.27 sec
----------------------------------------
AUC:            0.9741 ± 0.0035
Avg Precision:  0.9905 ± 0.0012
FPR@95:         0.2500 ± 0.0000
========================================



########################################
   Comptabilité du calcul 3232607 
########################################
$ sacct --format='JobID,Partition,JobName,MaxRSS,MaxVMSize,NTasks,AllocCPUS,Start,End,Elapsed,AveCPU,MinCPU,NNodes,ExitCode,State' -j 3232607
JobID              Partition  JobName        MaxRSS   MaxVMSize  NTasks  AllocCPUS  Start                End                  Elapsed   AveCPU  MinCPU  NNodes  ExitCode  State      
-----              ---------  -------        -------  ---------  ------  ---------  -----                ---                  -------   ------  ------  ------  --------  -----      
3232556_11         hpda_mig   flocat-genagn                              4          2026-09-16T16:57:24  2026-09-16T16:58:15  00:00:51                  1       0:0       COMPLETED  
3232556_11.batch              batch                              1       4          2026-09-16T16:57:24  2026-09-16T16:58:15  00:00:51                  1       0:0       COMPLETED  
3232556_11.extern             extern                             1       4          2026-09-16T16:57:24  2026-09-16T16:58:15  00:00:51                  1       0:0       COMPLETED  

$ sacct --format='JobID,JobName,AllocCPUS,ReqTRES,AllocTRES,NNodes,NodeList,Elapsed,CPUTime' -j 3232607
JobID              JobName        AllocCPUS  ReqTRES                                                              AllocTRES                                                             NNodes  NodeList  Elapsed   CPUTime   
-----              -------        ---------  -------                                                              ---------                                                             ------  --------  -------   -------   
3232556_11         flocat-genagn  4          billing=1,cpu=1,gres/gpu:a100_3g.40gb=1,gres/gpu=1,mem=3685M,node=1  billing=4,cpu=4,gres/gpu:a100_3g.40gb=1,gres/gpu=1,mem=14740M,node=1  1       c23hpda5  00:00:51  00:03:24  
3232556_11.batch   batch          4                                                                               cpu=4,gres/gpu:a100_3g.40gb=1,gres/gpu=1,mem=14740M,node=1            1       c23hpda5  00:00:51  00:03:24  
3232556_11.extern  extern         4                                                                               billing=4,cpu=4,gres/gpu:a100_3g.40gb=1,gres/gpu=1,mem=14740M,node=1  1       c23hpda5  00:00:51  00:03:24  

Pour plus d'informations sur la comptabilité du calcul, merci de consulter la documentation http://www-tech.criann.fr ou le manuel 'man sacct'
