Job ID: 3230745

Epoch 1/300
Train Loss: 0.6486, LR: 0.000007
tensor(1., device='cuda:0', grad_fn=<ExpBackward0>)

Epoch 101/300
Train Loss: 0.0910, LR: 0.000669
tensor(1., device='cuda:0', grad_fn=<ExpBackward0>)

Epoch 201/300
Train Loss: 0.0641, LR: 0.000750
tensor(1., device='cuda:0', grad_fn=<ExpBackward0>)
AUC:        0.6653
Avg Precision: 0.8133
FPR@95:     0.7561
AUC: 0.6653 | FPR@95: 0.7561 | AP: 0.8133 | time: 122.22s

========================================
Dataset:        MVTecAD
Inlier class:   screw
Embedding type: vit_base_patch16_224
AD model:       flocat-genagn
Training time:  122.22 sec
----------------------------------------
AUC:            0.6653 ± 0.0000
Avg Precision:  0.8133 ± 0.0000
FPR@95:         0.7561 ± 0.0000
========================================



########################################
   Comptabilité du calcul 3230745 
########################################
$ sacct --format='JobID,Partition,JobName,MaxRSS,MaxVMSize,NTasks,AllocCPUS,Start,End,Elapsed,AveCPU,MinCPU,NNodes,ExitCode,State' -j 3230745
JobID             Partition  JobName        MaxRSS   MaxVMSize  NTasks  AllocCPUS  Start                End                  Elapsed   AveCPU  MinCPU  NNodes  ExitCode  State      
-----             ---------  -------        -------  ---------  ------  ---------  -----                ---                  -------   ------  ------  ------  --------  -----      
3230682_9         hpda_mig   flocat-genagn                              4          2026-09-15T17:11:26  2026-09-15T17:13:35  00:02:09                  1       0:0       COMPLETED  
3230682_9.batch              batch                              1       4          2026-09-15T17:11:26  2026-09-15T17:13:35  00:02:09                  1       0:0       COMPLETED  
3230682_9.extern             extern                             1       4          2026-09-15T17:11:26  2026-09-15T17:13:35  00:02:09                  1       0:0       COMPLETED  

$ sacct --format='JobID,JobName,AllocCPUS,ReqTRES,AllocTRES,NNodes,NodeList,Elapsed,CPUTime' -j 3230745
JobID             JobName        AllocCPUS  ReqTRES                                                              AllocTRES                                                             NNodes  NodeList  Elapsed   CPUTime   
-----             -------        ---------  -------                                                              ---------                                                             ------  --------  -------   -------   
3230682_9         flocat-genagn  4          billing=1,cpu=1,gres/gpu:a100_3g.40gb=1,gres/gpu=1,mem=3685M,node=1  billing=4,cpu=4,gres/gpu:a100_3g.40gb=1,gres/gpu=1,mem=14740M,node=1  1       c23hpda5  00:02:09  00:08:36  
3230682_9.batch   batch          4                                                                               cpu=4,gres/gpu:a100_3g.40gb=1,gres/gpu=1,mem=14740M,node=1            1       c23hpda5  00:02:09  00:08:36  
3230682_9.extern  extern         4                                                                               billing=4,cpu=4,gres/gpu:a100_3g.40gb=1,gres/gpu=1,mem=14740M,node=1  1       c23hpda5  00:02:09  00:08:36  

Pour plus d'informations sur la comptabilité du calcul, merci de consulter la documentation http://www-tech.criann.fr ou le manuel 'man sacct'
