Job ID: 3232603
--------- n_run 1 -----------------


Epoch 1/300
Train Loss: 1.5209, LR: 0.000007
tensor(1., device='cuda:0', grad_fn=<ExpBackward0>)

Epoch 101/300
Train Loss: 0.1542, LR: 0.000669
tensor(1., device='cuda:0', grad_fn=<ExpBackward0>)

Epoch 201/300
Train Loss: 0.1290, LR: 0.000750
tensor(1., device='cuda:0', grad_fn=<ExpBackward0>)
AUC:        0.9978
Avg Precision: 0.9991
FPR@95:     0.0303
AUC: 0.9978 | FPR@95: 0.0303 | AP: 0.9991 | time: 66.55s

--------- n_run 2 -----------------


Epoch 1/300
Train Loss: 1.4776, LR: 0.000007
tensor(1., device='cuda:0', grad_fn=<ExpBackward0>)

Epoch 101/300
Train Loss: 0.1567, LR: 0.000669
tensor(1., device='cuda:0', grad_fn=<ExpBackward0>)

Epoch 201/300
Train Loss: 0.1190, LR: 0.000750
tensor(1., device='cuda:0', grad_fn=<ExpBackward0>)
AUC:        0.9975
Avg Precision: 0.9990
FPR@95:     0.0303
AUC: 0.9975 | FPR@95: 0.0303 | AP: 0.9990 | time: 65.50s

--------- n_run 3 -----------------


Epoch 1/300
Train Loss: 1.4798, LR: 0.000007
tensor(1., device='cuda:0', grad_fn=<ExpBackward0>)

Epoch 101/300
Train Loss: 0.1526, LR: 0.000669
tensor(1., device='cuda:0', grad_fn=<ExpBackward0>)

Epoch 201/300
Train Loss: 0.1181, LR: 0.000750
tensor(1., device='cuda:0', grad_fn=<ExpBackward0>)
AUC:        0.9982
Avg Precision: 0.9993
FPR@95:     0.0303
AUC: 0.9982 | FPR@95: 0.0303 | AP: 0.9993 | time: 65.65s

========================================
Dataset:        MVTecAD
Inlier class:   tile
Embedding type: vit_base_patch16_224
AD model:       flocat-genagn
Training time:  65.90 sec
----------------------------------------
AUC:            0.9978 ± 0.0003
Avg Precision:  0.9991 ± 0.0001
FPR@95:         0.0303 ± 0.0000
========================================



########################################
   Comptabilité du calcul 3232603 
########################################
$ sacct --format='JobID,Partition,JobName,MaxRSS,MaxVMSize,NTasks,AllocCPUS,Start,End,Elapsed,AveCPU,MinCPU,NNodes,ExitCode,State' -j 3232603
JobID              Partition  JobName        MaxRSS   MaxVMSize  NTasks  AllocCPUS  Start                End                  Elapsed   AveCPU  MinCPU  NNodes  ExitCode  State      
-----              ---------  -------        -------  ---------  ------  ---------  -----                ---                  -------   ------  ------  ------  --------  -----      
3232556_10         hpda_mig   flocat-genagn                              4          2026-09-16T16:53:54  2026-09-16T16:57:17  00:03:23                  1       0:0       COMPLETED  
3232556_10.batch              batch                              1       4          2026-09-16T16:53:54  2026-09-16T16:57:17  00:03:23                  1       0:0       COMPLETED  
3232556_10.extern             extern                             1       4          2026-09-16T16:53:54  2026-09-16T16:57:17  00:03:23                  1       0:0       COMPLETED  

$ sacct --format='JobID,JobName,AllocCPUS,ReqTRES,AllocTRES,NNodes,NodeList,Elapsed,CPUTime' -j 3232603
JobID              JobName        AllocCPUS  ReqTRES                                                              AllocTRES                                                             NNodes  NodeList  Elapsed   CPUTime   
-----              -------        ---------  -------                                                              ---------                                                             ------  --------  -------   -------   
3232556_10         flocat-genagn  4          billing=1,cpu=1,gres/gpu:a100_3g.40gb=1,gres/gpu=1,mem=3685M,node=1  billing=4,cpu=4,gres/gpu:a100_3g.40gb=1,gres/gpu=1,mem=14740M,node=1  1       c23hpda5  00:03:23  00:13:32  
3232556_10.batch   batch          4                                                                               cpu=4,gres/gpu:a100_3g.40gb=1,gres/gpu=1,mem=14740M,node=1            1       c23hpda5  00:03:23  00:13:32  
3232556_10.extern  extern         4                                                                               billing=4,cpu=4,gres/gpu:a100_3g.40gb=1,gres/gpu=1,mem=14740M,node=1  1       c23hpda5  00:03:23  00:13:32  

Pour plus d'informations sur la comptabilité du calcul, merci de consulter la documentation http://www-tech.criann.fr ou le manuel 'man sacct'
