Job ID: 3238902
Device : cuda
Model type : vit
ViT model : vit_base_patch16_224, image_size=256, mode=CLS global

=== Catégorie : fryum ===
Train : 450 images | Test : 150 images
Répartition test : {'bad': 100, 'good': 50}
Extraction train...
  -> data/embeddings/image_level/vit_base_patch16_224_cls/fryum/train.pt  (450 images, 768 dims, CLS)
Extraction test...
  -> data/embeddings/image_level/vit_base_patch16_224_cls/fryum/test.pt  (150 images, 768 dims, CLS)

Terminé.

########################################
   Comptabilité du calcul 3238902 
########################################
$ sacct --format='JobID,Partition,JobName,MaxRSS,MaxVMSize,NTasks,AllocCPUS,Start,End,Elapsed,AveCPU,MinCPU,NNodes,ExitCode,State' -j 3238902
JobID             Partition  JobName        MaxRSS   MaxVMSize  NTasks  AllocCPUS  Start                End                  Elapsed   AveCPU  MinCPU  NNodes  ExitCode  State      
-----             ---------  -------        -------  ---------  ------  ---------  -----                ---                  -------   ------  ------  ------  --------  -----      
3238877_4         hpda_mig   flocat-genagn                              4          2026-09-22T14:13:57  2026-09-22T14:14:21  00:00:24                  1       0:0       COMPLETED  
3238877_4.batch              batch                              1       4          2026-09-22T14:13:57  2026-09-22T14:14:21  00:00:24                  1       0:0       COMPLETED  
3238877_4.extern             extern                             1       4          2026-09-22T14:13:57  2026-09-22T14:14:21  00:00:24                  1       0:0       COMPLETED  

$ sacct --format='JobID,JobName,AllocCPUS,ReqTRES,AllocTRES,NNodes,NodeList,Elapsed,CPUTime' -j 3238902
JobID             JobName        AllocCPUS  ReqTRES                                                              AllocTRES                                                             NNodes  NodeList  Elapsed   CPUTime   
-----             -------        ---------  -------                                                              ---------                                                             ------  --------  -------   -------   
3238877_4         flocat-genagn  4          billing=1,cpu=1,gres/gpu:a100_3g.40gb=1,gres/gpu=1,mem=3685M,node=1  billing=4,cpu=4,gres/gpu:a100_3g.40gb=1,gres/gpu=1,mem=14740M,node=1  1       c23hpda5  00:00:24  00:01:36  
3238877_4.batch   batch          4                                                                               cpu=4,gres/gpu:a100_3g.40gb=1,gres/gpu=1,mem=14740M,node=1            1       c23hpda5  00:00:24  00:01:36  
3238877_4.extern  extern         4                                                                               billing=4,cpu=4,gres/gpu:a100_3g.40gb=1,gres/gpu=1,mem=14740M,node=1  1       c23hpda5  00:00:24  00:01:36  

Pour plus d'informations sur la comptabilité du calcul, merci de consulter la documentation http://www-tech.criann.fr ou le manuel 'man sacct'
