Job ID: 3233886
--------- n_run 1 -----------------


Epoch 1/300
Train Loss: 0.1268, LR: 0.000007
tensor(1.0000, grad_fn=<ExpBackward0>)

Epoch 101/300
Train Loss: 0.0112, LR: 0.000669
tensor(0.7570, grad_fn=<ExpBackward0>)

Epoch 201/300
Train Loss: 0.0054, LR: 0.000750
tensor(0.5763, grad_fn=<ExpBackward0>)
AUC:        0.6518
Avg Precision: 0.8541
FPR@95:     0.9375
AUC: 0.6518 | FPR@95: 0.9375 | AP: 0.8541 | time: 99.59s

--------- n_run 2 -----------------


Epoch 1/300
Train Loss: 0.1277, LR: 0.000007
tensor(1.0000, grad_fn=<ExpBackward0>)

Epoch 101/300
Train Loss: 0.0106, LR: 0.000669
tensor(0.7564, grad_fn=<ExpBackward0>)

Epoch 201/300
Train Loss: 0.0054, LR: 0.000750
tensor(0.5622, grad_fn=<ExpBackward0>)
AUC:        0.6372
Avg Precision: 0.8503
FPR@95:     0.9688
AUC: 0.6372 | FPR@95: 0.9688 | AP: 0.8503 | time: 98.14s

--------- n_run 3 -----------------


Epoch 1/300
Train Loss: 0.1288, LR: 0.000007
tensor(1.0000, grad_fn=<ExpBackward0>)

Epoch 101/300
Train Loss: 0.0111, LR: 0.000669
tensor(0.7664, grad_fn=<ExpBackward0>)

Epoch 201/300
Train Loss: 0.0053, LR: 0.000750
tensor(0.5696, grad_fn=<ExpBackward0>)
AUC:        0.6355
Avg Precision: 0.8489
FPR@95:     0.8750
AUC: 0.6355 | FPR@95: 0.8750 | AP: 0.8489 | time: 97.59s

========================================
Dataset:        MVTecAD
Inlier class:   leather
Embedding type: vit_base_patch16_224
AD model:       flocat-genagn
Training time:  98.44 sec
----------------------------------------
AUC:            0.6415 ± 0.0073
Avg Precision:  0.8511 ± 0.0022
FPR@95:         0.9271 ± 0.0390
========================================



########################################
   Comptabilité du calcul 3233886 
########################################
$ sacct --format='JobID,Partition,JobName,MaxRSS,MaxVMSize,NTasks,AllocCPUS,Start,End,Elapsed,AveCPU,MinCPU,NNodes,ExitCode,State' -j 3233886
JobID             Partition  JobName        MaxRSS   MaxVMSize  NTasks  AllocCPUS  Start                End                  Elapsed   AveCPU  MinCPU  NNodes  ExitCode  State      
-----             ---------  -------        -------  ---------  ------  ---------  -----                ---                  -------   ------  ------  ------  --------  -----      
3233879_6         hpda       flocat-genagn                              2          2026-09-17T10:02:14  2026-09-17T10:07:15  00:05:01                  1       0:0       COMPLETED  
3233879_6.batch              batch                              1       2          2026-09-17T10:02:14  2026-09-17T10:07:15  00:05:01                  1       0:0       COMPLETED  
3233879_6.extern             extern                             1       2          2026-09-17T10:02:14  2026-09-17T10:07:15  00:05:01                  1       0:0       COMPLETED  

$ sacct --format='JobID,JobName,AllocCPUS,ReqTRES,AllocTRES,NNodes,NodeList,Elapsed,CPUTime' -j 3233886
JobID             JobName        AllocCPUS  ReqTRES                           AllocTRES                         NNodes  NodeList  Elapsed   CPUTime   
-----             -------        ---------  -------                           ---------                         ------  --------  -------   -------   
3233879_6         flocat-genagn  2          billing=1,cpu=1,mem=3685M,node=1  billing=2,cpu=2,mem=7370M,node=1  1       c23hpda1  00:05:01  00:10:02  
3233879_6.batch   batch          2                                            cpu=2,mem=7370M,node=1            1       c23hpda1  00:05:01  00:10:02  
3233879_6.extern  extern         2                                            billing=2,cpu=2,mem=7370M,node=1  1       c23hpda1  00:05:01  00:10:02  

Pour plus d'informations sur la comptabilité du calcul, merci de consulter la documentation http://www-tech.criann.fr ou le manuel 'man sacct'
