Job ID: 3232579
--------- n_run 1 -----------------


Epoch 1/300
Train Loss: 3.0870, LR: 0.000007
tensor(1., device='cuda:0', grad_fn=<ExpBackward0>)

Epoch 101/300
Train Loss: 0.3281, LR: 0.000669
tensor(1., device='cuda:0', grad_fn=<ExpBackward0>)

Epoch 201/300
Train Loss: 0.2515, LR: 0.000750
tensor(1., device='cuda:0', grad_fn=<ExpBackward0>)
AUC:        0.9829
Avg Precision: 0.9958
FPR@95:     0.1364
AUC: 0.9829 | FPR@95: 0.1364 | AP: 0.9958 | time: 53.28s

--------- n_run 2 -----------------


Epoch 1/300
Train Loss: 3.0859, LR: 0.000007
tensor(1., device='cuda:0', grad_fn=<ExpBackward0>)

Epoch 101/300
Train Loss: 0.3107, LR: 0.000669
tensor(1., device='cuda:0', grad_fn=<ExpBackward0>)

Epoch 201/300
Train Loss: 0.2553, LR: 0.000750
tensor(1., device='cuda:0', grad_fn=<ExpBackward0>)
AUC:        0.9785
Avg Precision: 0.9950
FPR@95:     0.2273
AUC: 0.9785 | FPR@95: 0.2273 | AP: 0.9950 | time: 51.93s

--------- n_run 3 -----------------


Epoch 1/300
Train Loss: 3.0929, LR: 0.000007
tensor(1., device='cuda:0', grad_fn=<ExpBackward0>)

Epoch 101/300
Train Loss: 0.3206, LR: 0.000669
tensor(1., device='cuda:0', grad_fn=<ExpBackward0>)

Epoch 201/300
Train Loss: 0.2555, LR: 0.000750
tensor(1., device='cuda:0', grad_fn=<ExpBackward0>)
AUC:        0.9839
Avg Precision: 0.9963
FPR@95:     0.0909
AUC: 0.9839 | FPR@95: 0.0909 | AP: 0.9963 | time: 52.30s

========================================
Dataset:        MVTecAD
Inlier class:   metal_nut
Embedding type: vit_base_patch16_224
AD model:       flocat-genagn
Training time:  52.51 sec
----------------------------------------
AUC:            0.9818 ± 0.0023
Avg Precision:  0.9957 ± 0.0005
FPR@95:         0.1515 ± 0.0567
========================================



########################################
   Comptabilité du calcul 3232579 
########################################
$ sacct --format='JobID,Partition,JobName,MaxRSS,MaxVMSize,NTasks,AllocCPUS,Start,End,Elapsed,AveCPU,MinCPU,NNodes,ExitCode,State' -j 3232579
JobID             Partition  JobName        MaxRSS   MaxVMSize  NTasks  AllocCPUS  Start                End                  Elapsed   AveCPU  MinCPU  NNodes  ExitCode  State      
-----             ---------  -------        -------  ---------  ------  ---------  -----                ---                  -------   ------  ------  ------  --------  -----      
3232556_7         hpda_mig   flocat-genagn                              4          2026-09-16T16:42:54  2026-09-16T16:45:37  00:02:43                  1       0:0       COMPLETED  
3232556_7.batch              batch                              1       4          2026-09-16T16:42:54  2026-09-16T16:45:37  00:02:43                  1       0:0       COMPLETED  
3232556_7.extern             extern                             1       4          2026-09-16T16:42:54  2026-09-16T16:45:37  00:02:43                  1       0:0       COMPLETED  

$ sacct --format='JobID,JobName,AllocCPUS,ReqTRES,AllocTRES,NNodes,NodeList,Elapsed,CPUTime' -j 3232579
JobID             JobName        AllocCPUS  ReqTRES                                                              AllocTRES                                                             NNodes  NodeList  Elapsed   CPUTime   
-----             -------        ---------  -------                                                              ---------                                                             ------  --------  -------   -------   
3232556_7         flocat-genagn  4          billing=1,cpu=1,gres/gpu:a100_3g.40gb=1,gres/gpu=1,mem=3685M,node=1  billing=4,cpu=4,gres/gpu:a100_3g.40gb=1,gres/gpu=1,mem=14740M,node=1  1       c23hpda5  00:02:43  00:10:52  
3232556_7.batch   batch          4                                                                               cpu=4,gres/gpu:a100_3g.40gb=1,gres/gpu=1,mem=14740M,node=1            1       c23hpda5  00:02:43  00:10:52  
3232556_7.extern  extern         4                                                                               billing=4,cpu=4,gres/gpu:a100_3g.40gb=1,gres/gpu=1,mem=14740M,node=1  1       c23hpda5  00:02:43  00:10:52  

Pour plus d'informations sur la comptabilité du calcul, merci de consulter la documentation http://www-tech.criann.fr ou le manuel 'man sacct'
