Job ID: 3232566
--------- n_run 1 -----------------


Epoch 1/300
Train Loss: 0.5751, LR: 0.000007
tensor(1., device='cuda:0', grad_fn=<ExpBackward0>)

Epoch 101/300
Train Loss: 0.0580, LR: 0.000669
tensor(1., device='cuda:0', grad_fn=<ExpBackward0>)

Epoch 201/300
Train Loss: 0.0431, LR: 0.000750
tensor(0.9493, device='cuda:0', grad_fn=<ExpBackward0>)
AUC:        0.9823
Avg Precision: 0.9951
FPR@95:     0.0714
AUC: 0.9823 | FPR@95: 0.0714 | AP: 0.9951 | time: 67.51s

--------- n_run 2 -----------------


Epoch 1/300
Train Loss: 0.5817, LR: 0.000007
tensor(1., device='cuda:0', grad_fn=<ExpBackward0>)

Epoch 101/300
Train Loss: 0.0614, LR: 0.000669
tensor(1., device='cuda:0', grad_fn=<ExpBackward0>)

Epoch 201/300
Train Loss: 0.0434, LR: 0.000750
tensor(0.9748, device='cuda:0', grad_fn=<ExpBackward0>)
AUC:        0.9823
Avg Precision: 0.9950
FPR@95:     0.0357
AUC: 0.9823 | FPR@95: 0.0357 | AP: 0.9950 | time: 66.23s

--------- n_run 3 -----------------


Epoch 1/300
Train Loss: 0.5722, LR: 0.000007
tensor(1., device='cuda:0', grad_fn=<ExpBackward0>)

Epoch 101/300
Train Loss: 0.0582, LR: 0.000669
tensor(1., device='cuda:0', grad_fn=<ExpBackward0>)

Epoch 201/300
Train Loss: 0.0446, LR: 0.000750
tensor(0.9657, device='cuda:0', grad_fn=<ExpBackward0>)
AUC:        0.9823
Avg Precision: 0.9951
FPR@95:     0.0714
AUC: 0.9823 | FPR@95: 0.0714 | AP: 0.9951 | time: 66.20s

========================================
Dataset:        MVTecAD
Inlier class:   carpet
Embedding type: vit_base_patch16_224
AD model:       flocat-genagn
Training time:  66.65 sec
----------------------------------------
AUC:            0.9823 ± 0.0000
Avg Precision:  0.9951 ± 0.0000
FPR@95:         0.0595 ± 0.0168
========================================



########################################
   Comptabilité du calcul 3232566 
########################################
$ sacct --format='JobID,Partition,JobName,MaxRSS,MaxVMSize,NTasks,AllocCPUS,Start,End,Elapsed,AveCPU,MinCPU,NNodes,ExitCode,State' -j 3232566
JobID             Partition  JobName        MaxRSS   MaxVMSize  NTasks  AllocCPUS  Start                End                  Elapsed   AveCPU  MinCPU  NNodes  ExitCode  State      
-----             ---------  -------        -------  ---------  ------  ---------  -----                ---                  -------   ------  ------  ------  --------  -----      
3232556_3         hpda_mig   flocat-genagn                              4          2026-09-16T16:25:53  2026-09-16T16:29:19  00:03:26                  1       0:0       COMPLETED  
3232556_3.batch              batch                              1       4          2026-09-16T16:25:53  2026-09-16T16:29:19  00:03:26                  1       0:0       COMPLETED  
3232556_3.extern             extern                             1       4          2026-09-16T16:25:53  2026-09-16T16:29:19  00:03:26                  1       0:0       COMPLETED  

$ sacct --format='JobID,JobName,AllocCPUS,ReqTRES,AllocTRES,NNodes,NodeList,Elapsed,CPUTime' -j 3232566
JobID             JobName        AllocCPUS  ReqTRES                                                              AllocTRES                                                             NNodes  NodeList  Elapsed   CPUTime   
-----             -------        ---------  -------                                                              ---------                                                             ------  --------  -------   -------   
3232556_3         flocat-genagn  4          billing=1,cpu=1,gres/gpu:a100_3g.40gb=1,gres/gpu=1,mem=3685M,node=1  billing=4,cpu=4,gres/gpu:a100_3g.40gb=1,gres/gpu=1,mem=14740M,node=1  1       c23hpda5  00:03:26  00:13:44  
3232556_3.batch   batch          4                                                                               cpu=4,gres/gpu:a100_3g.40gb=1,gres/gpu=1,mem=14740M,node=1            1       c23hpda5  00:03:26  00:13:44  
3232556_3.extern  extern         4                                                                               billing=4,cpu=4,gres/gpu:a100_3g.40gb=1,gres/gpu=1,mem=14740M,node=1  1       c23hpda5  00:03:26  00:13:44  

Pour plus d'informations sur la comptabilité du calcul, merci de consulter la documentation http://www-tech.criann.fr ou le manuel 'man sacct'
