Job ID: 3230754

Epoch 1/300
Train Loss: 1.6821, LR: 0.000007
tensor(1., device='cuda:0', grad_fn=<ExpBackward0>)

Epoch 101/300
Train Loss: 0.2247, LR: 0.000669
tensor(1., device='cuda:0', grad_fn=<ExpBackward0>)

Epoch 201/300
Train Loss: 0.1561, LR: 0.000750
tensor(1., device='cuda:0', grad_fn=<ExpBackward0>)
AUC:        0.9953
Avg Precision: 0.9981
FPR@95:     0.0606
AUC: 0.9953 | FPR@95: 0.0606 | AP: 0.9981 | time: 91.63s

========================================
Dataset:        MVTecAD
Inlier class:   tile
Embedding type: vit_base_patch16_224
AD model:       flocat-genagn
Training time:  91.63 sec
----------------------------------------
AUC:            0.9953 ± 0.0000
Avg Precision:  0.9981 ± 0.0000
FPR@95:         0.0606 ± 0.0000
========================================



########################################
   Comptabilité du calcul 3230754 
########################################
$ sacct --format='JobID,Partition,JobName,MaxRSS,MaxVMSize,NTasks,AllocCPUS,Start,End,Elapsed,AveCPU,MinCPU,NNodes,ExitCode,State' -j 3230754
JobID              Partition  JobName        MaxRSS   MaxVMSize  NTasks  AllocCPUS  Start                End                  Elapsed   AveCPU  MinCPU  NNodes  ExitCode  State      
-----              ---------  -------        -------  ---------  ------  ---------  -----                ---                  -------   ------  ------  ------  --------  -----      
3230682_10         hpda_mig   flocat-genagn                              4          2026-09-15T17:13:56  2026-09-15T17:15:34  00:01:38                  1       0:0       COMPLETED  
3230682_10.batch              batch                              1       4          2026-09-15T17:13:56  2026-09-15T17:15:34  00:01:38                  1       0:0       COMPLETED  
3230682_10.extern             extern                             1       4          2026-09-15T17:13:56  2026-09-15T17:15:34  00:01:38                  1       0:0       COMPLETED  

$ sacct --format='JobID,JobName,AllocCPUS,ReqTRES,AllocTRES,NNodes,NodeList,Elapsed,CPUTime' -j 3230754
JobID              JobName        AllocCPUS  ReqTRES                                                              AllocTRES                                                             NNodes  NodeList  Elapsed   CPUTime   
-----              -------        ---------  -------                                                              ---------                                                             ------  --------  -------   -------   
3230682_10         flocat-genagn  4          billing=1,cpu=1,gres/gpu:a100_3g.40gb=1,gres/gpu=1,mem=3685M,node=1  billing=4,cpu=4,gres/gpu:a100_3g.40gb=1,gres/gpu=1,mem=14740M,node=1  1       c23hpda5  00:01:38  00:06:32  
3230682_10.batch   batch          4                                                                               cpu=4,gres/gpu:a100_3g.40gb=1,gres/gpu=1,mem=14740M,node=1            1       c23hpda5  00:01:38  00:06:32  
3230682_10.extern  extern         4                                                                               billing=4,cpu=4,gres/gpu:a100_3g.40gb=1,gres/gpu=1,mem=14740M,node=1  1       c23hpda5  00:01:38  00:06:32  

Pour plus d'informations sur la comptabilité du calcul, merci de consulter la documentation http://www-tech.criann.fr ou le manuel 'man sacct'
