Job ID: 3230735

Epoch 1/300
Train Loss: 0.4284, LR: 0.000007
tensor(1., device='cuda:0', grad_fn=<ExpBackward0>)

Epoch 101/300
Train Loss: 0.0744, LR: 0.000669
tensor(1., device='cuda:0', grad_fn=<ExpBackward0>)

Epoch 201/300
Train Loss: 0.0464, LR: 0.000750
tensor(0.9768, device='cuda:0', grad_fn=<ExpBackward0>)
AUC:        1.0000
Avg Precision: 1.0000
FPR@95:     0.0000
AUC: 1.0000 | FPR@95: 0.0000 | AP: 1.0000 | time: 92.46s

========================================
Dataset:        MVTecAD
Inlier class:   leather
Embedding type: vit_base_patch16_224
AD model:       flocat-genagn
Training time:  92.46 sec
----------------------------------------
AUC:            1.0000 ± 0.0000
Avg Precision:  1.0000 ± 0.0000
FPR@95:         0.0000 ± 0.0000
========================================



########################################
   Comptabilité du calcul 3230735 
########################################
$ sacct --format='JobID,Partition,JobName,MaxRSS,MaxVMSize,NTasks,AllocCPUS,Start,End,Elapsed,AveCPU,MinCPU,NNodes,ExitCode,State' -j 3230735
JobID             Partition  JobName        MaxRSS   MaxVMSize  NTasks  AllocCPUS  Start                End                  Elapsed   AveCPU  MinCPU  NNodes  ExitCode  State      
-----             ---------  -------        -------  ---------  ------  ---------  -----                ---                  -------   ------  ------  ------  --------  -----      
3230682_6         hpda_mig   flocat-genagn                              4          2026-09-15T17:05:26  2026-09-15T17:07:05  00:01:39                  1       0:0       COMPLETED  
3230682_6.batch              batch                              1       4          2026-09-15T17:05:26  2026-09-15T17:07:05  00:01:39                  1       0:0       COMPLETED  
3230682_6.extern             extern                             1       4          2026-09-15T17:05:26  2026-09-15T17:07:05  00:01:39                  1       0:0       COMPLETED  

$ sacct --format='JobID,JobName,AllocCPUS,ReqTRES,AllocTRES,NNodes,NodeList,Elapsed,CPUTime' -j 3230735
JobID             JobName        AllocCPUS  ReqTRES                                                              AllocTRES                                                             NNodes  NodeList  Elapsed   CPUTime   
-----             -------        ---------  -------                                                              ---------                                                             ------  --------  -------   -------   
3230682_6         flocat-genagn  4          billing=1,cpu=1,gres/gpu:a100_3g.40gb=1,gres/gpu=1,mem=3685M,node=1  billing=4,cpu=4,gres/gpu:a100_3g.40gb=1,gres/gpu=1,mem=14740M,node=1  1       c23hpda5  00:01:39  00:06:36  
3230682_6.batch   batch          4                                                                               cpu=4,gres/gpu:a100_3g.40gb=1,gres/gpu=1,mem=14740M,node=1            1       c23hpda5  00:01:39  00:06:36  
3230682_6.extern  extern         4                                                                               billing=4,cpu=4,gres/gpu:a100_3g.40gb=1,gres/gpu=1,mem=14740M,node=1  1       c23hpda5  00:01:39  00:06:36  

Pour plus d'informations sur la comptabilité du calcul, merci de consulter la documentation http://www-tech.criann.fr ou le manuel 'man sacct'
