Job ID: 3232572
--------- n_run 1 -----------------


Epoch 1/300
Train Loss: 1.7071, LR: 0.000007
tensor(1., device='cuda:0', grad_fn=<ExpBackward0>)

Epoch 101/300
Train Loss: 0.1977, LR: 0.000669
tensor(1., device='cuda:0', grad_fn=<ExpBackward0>)

Epoch 201/300
Train Loss: 0.1683, LR: 0.000750
tensor(1., device='cuda:0', grad_fn=<ExpBackward0>)
AUC:        0.9329
Avg Precision: 0.9633
FPR@95:     0.3250
AUC: 0.9329 | FPR@95: 0.3250 | AP: 0.9633 | time: 110.84s

--------- n_run 2 -----------------


Epoch 1/300
Train Loss: 1.7130, LR: 0.000007
tensor(1., device='cuda:0', grad_fn=<ExpBackward0>)

Epoch 101/300
Train Loss: 0.1977, LR: 0.000669
tensor(1., device='cuda:0', grad_fn=<ExpBackward0>)

Epoch 201/300
Train Loss: 0.1672, LR: 0.000750
tensor(1., device='cuda:0', grad_fn=<ExpBackward0>)
AUC:        0.9261
Avg Precision: 0.9593
FPR@95:     0.3250
AUC: 0.9261 | FPR@95: 0.3250 | AP: 0.9593 | time: 109.44s

--------- n_run 3 -----------------


Epoch 1/300
Train Loss: 1.7109, LR: 0.000007
tensor(1., device='cuda:0', grad_fn=<ExpBackward0>)

Epoch 101/300
Train Loss: 0.2052, LR: 0.000669
tensor(1., device='cuda:0', grad_fn=<ExpBackward0>)

Epoch 201/300
Train Loss: 0.1689, LR: 0.000750
tensor(1., device='cuda:0', grad_fn=<ExpBackward0>)
AUC:        0.9246
Avg Precision: 0.9580
FPR@95:     0.3500
AUC: 0.9246 | FPR@95: 0.3500 | AP: 0.9580 | time: 109.70s

========================================
Dataset:        MVTecAD
Inlier class:   hazelnut
Embedding type: vit_base_patch16_224
AD model:       flocat-genagn
Training time:  109.99 sec
----------------------------------------
AUC:            0.9279 ± 0.0036
Avg Precision:  0.9602 ± 0.0022
FPR@95:         0.3333 ± 0.0118
========================================



########################################
   Comptabilité du calcul 3232572 
########################################
$ sacct --format='JobID,Partition,JobName,MaxRSS,MaxVMSize,NTasks,AllocCPUS,Start,End,Elapsed,AveCPU,MinCPU,NNodes,ExitCode,State' -j 3232572
JobID             Partition  JobName        MaxRSS   MaxVMSize  NTasks  AllocCPUS  Start                End                  Elapsed   AveCPU  MinCPU  NNodes  ExitCode  State      
-----             ---------  -------        -------  ---------  ------  ---------  -----                ---                  -------   ------  ------  ------  --------  -----      
3232556_5         hpda_mig   flocat-genagn                              4          2026-09-16T16:33:23  2026-09-16T16:38:59  00:05:36                  1       0:0       COMPLETED  
3232556_5.batch              batch                              1       4          2026-09-16T16:33:23  2026-09-16T16:38:59  00:05:36                  1       0:0       COMPLETED  
3232556_5.extern             extern                             1       4          2026-09-16T16:33:23  2026-09-16T16:38:59  00:05:36                  1       0:0       COMPLETED  

$ sacct --format='JobID,JobName,AllocCPUS,ReqTRES,AllocTRES,NNodes,NodeList,Elapsed,CPUTime' -j 3232572
JobID             JobName        AllocCPUS  ReqTRES                                                              AllocTRES                                                             NNodes  NodeList  Elapsed   CPUTime   
-----             -------        ---------  -------                                                              ---------                                                             ------  --------  -------   -------   
3232556_5         flocat-genagn  4          billing=1,cpu=1,gres/gpu:a100_3g.40gb=1,gres/gpu=1,mem=3685M,node=1  billing=4,cpu=4,gres/gpu:a100_3g.40gb=1,gres/gpu=1,mem=14740M,node=1  1       c23hpda5  00:05:36  00:22:24  
3232556_5.batch   batch          4                                                                               cpu=4,gres/gpu:a100_3g.40gb=1,gres/gpu=1,mem=14740M,node=1            1       c23hpda5  00:05:36  00:22:24  
3232556_5.extern  extern         4                                                                               billing=4,cpu=4,gres/gpu:a100_3g.40gb=1,gres/gpu=1,mem=14740M,node=1  1       c23hpda5  00:05:36  00:22:24  

Pour plus d'informations sur la comptabilité du calcul, merci de consulter la documentation http://www-tech.criann.fr ou le manuel 'man sacct'
