Job ID: 3230755

Epoch 1/300
Train Loss: 2.5655, LR: 0.000007
tensor(1., device='cuda:0', grad_fn=<ExpBackward0>)

Epoch 101/300
Train Loss: 0.1790, LR: 0.000669
tensor(1., device='cuda:0', grad_fn=<ExpBackward0>)

Epoch 201/300
Train Loss: 0.0426, LR: 0.000750
tensor(1., device='cuda:0', grad_fn=<ExpBackward0>)
AUC:        0.9500
Avg Precision: 0.9814
FPR@95:     0.4167
AUC: 0.9500 | FPR@95: 0.4167 | AP: 0.9814 | time: 25.90s

========================================
Dataset:        MVTecAD
Inlier class:   toothbrush
Embedding type: vit_base_patch16_224
AD model:       flocat-genagn
Training time:  25.90 sec
----------------------------------------
AUC:            0.9500 ± 0.0000
Avg Precision:  0.9814 ± 0.0000
FPR@95:         0.4167 ± 0.0000
========================================



########################################
   Comptabilité du calcul 3230755 
########################################
$ sacct --format='JobID,Partition,JobName,MaxRSS,MaxVMSize,NTasks,AllocCPUS,Start,End,Elapsed,AveCPU,MinCPU,NNodes,ExitCode,State' -j 3230755
JobID              Partition  JobName        MaxRSS   MaxVMSize  NTasks  AllocCPUS  Start                End                  Elapsed   AveCPU  MinCPU  NNodes  ExitCode  State      
-----              ---------  -------        -------  ---------  ------  ---------  -----                ---                  -------   ------  ------  ------  --------  -----      
3230682_11         hpda_mig   flocat-genagn                              4          2026-09-15T17:15:56  2026-09-15T17:16:28  00:00:32                  1       0:0       COMPLETED  
3230682_11.batch              batch                              1       4          2026-09-15T17:15:56  2026-09-15T17:16:28  00:00:32                  1       0:0       COMPLETED  
3230682_11.extern             extern                             1       4          2026-09-15T17:15:56  2026-09-15T17:16:28  00:00:32                  1       0:0       COMPLETED  

$ sacct --format='JobID,JobName,AllocCPUS,ReqTRES,AllocTRES,NNodes,NodeList,Elapsed,CPUTime' -j 3230755
JobID              JobName        AllocCPUS  ReqTRES                                                              AllocTRES                                                             NNodes  NodeList  Elapsed   CPUTime   
-----              -------        ---------  -------                                                              ---------                                                             ------  --------  -------   -------   
3230682_11         flocat-genagn  4          billing=1,cpu=1,gres/gpu:a100_3g.40gb=1,gres/gpu=1,mem=3685M,node=1  billing=4,cpu=4,gres/gpu:a100_3g.40gb=1,gres/gpu=1,mem=14740M,node=1  1       c23hpda5  00:00:32  00:02:08  
3230682_11.batch   batch          4                                                                               cpu=4,gres/gpu:a100_3g.40gb=1,gres/gpu=1,mem=14740M,node=1            1       c23hpda5  00:00:32  00:02:08  
3230682_11.extern  extern         4                                                                               billing=4,cpu=4,gres/gpu:a100_3g.40gb=1,gres/gpu=1,mem=14740M,node=1  1       c23hpda5  00:00:32  00:02:08  

Pour plus d'informations sur la comptabilité du calcul, merci de consulter la documentation http://www-tech.criann.fr ou le manuel 'man sacct'
