Job ID: 3229407

Epoch 1/300
Train Loss: 0.2906, LR: 0.000007
tensor(1.2214, device='cuda:0', grad_fn=<ExpBackward0>)

Epoch 101/300
Train Loss: 0.0268, LR: 0.000669
tensor(1.2214, device='cuda:0', grad_fn=<ExpBackward0>)

Epoch 201/300
Train Loss: 0.0108, LR: 0.000750
tensor(0.8129, device='cuda:0', grad_fn=<ExpBackward0>)
AUC:        0.8856
Avg Precision: 0.9715
FPR@95:     0.8182
AUC: 0.8856 | FPR@95: 0.8182 | AP: 0.9715 | time: 789.25s

========================================
Dataset:        MVTecAD
Inlier class:   metal_nut
Embedding type: wide_resnet50_2
AD model:       flocat-genagn
Training time:  789.25 sec
----------------------------------------
AUC:            0.8856 ± 0.0000
Avg Precision:  0.9715 ± 0.0000
FPR@95:         0.8182 ± 0.0000
========================================



########################################
   Comptabilité du calcul 3229407 
########################################
$ sacct --format='JobID,Partition,JobName,MaxRSS,MaxVMSize,NTasks,AllocCPUS,Start,End,Elapsed,AveCPU,MinCPU,NNodes,ExitCode,State' -j 3229407
JobID           Partition  JobName        MaxRSS   MaxVMSize  NTasks  AllocCPUS  Start                End                  Elapsed   AveCPU  MinCPU  NNodes  ExitCode  State      
-----           ---------  -------        -------  ---------  ------  ---------  -----                ---                  -------   ------  ------  ------  --------  -----      
3229407         hpda_mig   flocat-genagn                              4          2026-09-14T16:39:34  2026-09-14T16:52:53  00:13:19                  1       0:0       COMPLETED  
3229407.batch              batch                              1       4          2026-09-14T16:39:34  2026-09-14T16:52:53  00:13:19                  1       0:0       COMPLETED  
3229407.extern             extern                             1       4          2026-09-14T16:39:34  2026-09-14T16:52:53  00:13:19                  1       0:0       COMPLETED  

$ sacct --format='JobID,JobName,AllocCPUS,ReqTRES,AllocTRES,NNodes,NodeList,Elapsed,CPUTime' -j 3229407
JobID           JobName        AllocCPUS  ReqTRES                                                              AllocTRES                                                             NNodes  NodeList  Elapsed   CPUTime   
-----           -------        ---------  -------                                                              ---------                                                             ------  --------  -------   -------   
3229407         flocat-genagn  4          billing=1,cpu=1,gres/gpu:a100_3g.40gb=1,gres/gpu=1,mem=3685M,node=1  billing=4,cpu=4,gres/gpu:a100_3g.40gb=1,gres/gpu=1,mem=14740M,node=1  1       c23hpda5  00:13:19  00:53:16  
3229407.batch   batch          4                                                                               cpu=4,gres/gpu:a100_3g.40gb=1,gres/gpu=1,mem=14740M,node=1            1       c23hpda5  00:13:19  00:53:16  
3229407.extern  extern         4                                                                               billing=4,cpu=4,gres/gpu:a100_3g.40gb=1,gres/gpu=1,mem=14740M,node=1  1       c23hpda5  00:13:19  00:53:16  

Pour plus d'informations sur la comptabilité du calcul, merci de consulter la documentation http://www-tech.criann.fr ou le manuel 'man sacct'
