Job ID: 3238975
Device : cuda
Model type : vit_manual_patches
ViT model : vit_base_patch16_224, image_size=256, manual_patch_size=32, vit_input_size=256 (CLS par patch, sans overlap)

=== Catégorie : macaroni2 ===
Train : 900 images | Test : 200 images
Répartition test : {'bad': 100, 'good': 100}
Extraction train...

########################################
   Comptabilité du calcul 3238975 
########################################
$ sacct --format='JobID,Partition,JobName,MaxRSS,MaxVMSize,NTasks,AllocCPUS,Start,End,Elapsed,AveCPU,MinCPU,NNodes,ExitCode,State' -j 3238975
JobID             Partition  JobName        MaxRSS   MaxVMSize  NTasks  AllocCPUS  Start                End                  Elapsed   AveCPU  MinCPU  NNodes  ExitCode  State      
-----             ---------  -------        -------  ---------  ------  ---------  -----                ---                  -------   ------  ------  ------  --------  -----      
3238888_6         hpda_mig   flocat-genagn                              4          2026-09-22T14:30:57  2026-09-22T14:37:28  00:06:31                  1       1:0       FAILED     
3238888_6.batch              batch                              1       4          2026-09-22T14:30:57  2026-09-22T14:37:28  00:06:31                  1       1:0       FAILED     
3238888_6.extern             extern                             1       4          2026-09-22T14:30:57  2026-09-22T14:37:29  00:06:32                  1       0:0       COMPLETED  

$ sacct --format='JobID,JobName,AllocCPUS,ReqTRES,AllocTRES,NNodes,NodeList,Elapsed,CPUTime' -j 3238975
JobID             JobName        AllocCPUS  ReqTRES                                                              AllocTRES                                                             NNodes  NodeList  Elapsed   CPUTime   
-----             -------        ---------  -------                                                              ---------                                                             ------  --------  -------   -------   
3238888_6         flocat-genagn  4          billing=1,cpu=1,gres/gpu:a100_3g.40gb=1,gres/gpu=1,mem=3685M,node=1  billing=4,cpu=4,gres/gpu:a100_3g.40gb=1,gres/gpu=1,mem=14740M,node=1  1       c23hpda5  00:06:31  00:26:04  
3238888_6.batch   batch          4                                                                               cpu=4,gres/gpu:a100_3g.40gb=1,gres/gpu=1,mem=14740M,node=1            1       c23hpda5  00:06:31  00:26:04  
3238888_6.extern  extern         4                                                                               billing=4,cpu=4,gres/gpu:a100_3g.40gb=1,gres/gpu=1,mem=14740M,node=1  1       c23hpda5  00:06:32  00:26:08  

Pour plus d'informations sur la comptabilité du calcul, merci de consulter la documentation http://www-tech.criann.fr ou le manuel 'man sacct'
