Job ID: 3233882
--------- n_run 1 -----------------


Epoch 1/300
Train Loss: 0.1012, LR: 0.000007
tensor(1.0000, grad_fn=<ExpBackward0>)

Epoch 101/300
Train Loss: 0.0140, LR: 0.000669
tensor(0.8909, grad_fn=<ExpBackward0>)

Epoch 201/300
Train Loss: 0.0093, LR: 0.000750
tensor(0.7482, grad_fn=<ExpBackward0>)
AUC:        0.8385
Avg Precision: 0.9576
FPR@95:     0.6087
AUC: 0.8385 | FPR@95: 0.6087 | AP: 0.9576 | time: 87.82s

--------- n_run 2 -----------------


Epoch 1/300
Train Loss: 0.1014, LR: 0.000007
tensor(1.0000, grad_fn=<ExpBackward0>)

Epoch 101/300
Train Loss: 0.0144, LR: 0.000669
tensor(0.9009, grad_fn=<ExpBackward0>)

Epoch 201/300
Train Loss: 0.0094, LR: 0.000750
tensor(0.7393, grad_fn=<ExpBackward0>)
AUC:        0.8117
Avg Precision: 0.9516
FPR@95:     0.4783
AUC: 0.8117 | FPR@95: 0.4783 | AP: 0.9516 | time: 86.25s

--------- n_run 3 -----------------


Epoch 1/300
Train Loss: 0.1023, LR: 0.000007
tensor(1.0000, grad_fn=<ExpBackward0>)

Epoch 101/300
Train Loss: 0.0141, LR: 0.000669
tensor(0.8761, grad_fn=<ExpBackward0>)

Epoch 201/300
Train Loss: 0.0093, LR: 0.000750
tensor(0.7326, grad_fn=<ExpBackward0>)
AUC:        0.8628
Avg Precision: 0.9665
FPR@95:     0.5217
AUC: 0.8628 | FPR@95: 0.5217 | AP: 0.9665 | time: 86.16s

========================================
Dataset:        MVTecAD
Inlier class:   capsule
Embedding type: vit_base_patch16_224
AD model:       flocat-genagn
Training time:  86.74 sec
----------------------------------------
AUC:            0.8377 ± 0.0209
Avg Precision:  0.9586 ± 0.0061
FPR@95:         0.5362 ± 0.0542
========================================



########################################
   Comptabilité du calcul 3233882 
########################################
$ sacct --format='JobID,Partition,JobName,MaxRSS,MaxVMSize,NTasks,AllocCPUS,Start,End,Elapsed,AveCPU,MinCPU,NNodes,ExitCode,State' -j 3233882
JobID             Partition  JobName        MaxRSS   MaxVMSize  NTasks  AllocCPUS  Start                End                  Elapsed   AveCPU  MinCPU  NNodes  ExitCode  State      
-----             ---------  -------        -------  ---------  ------  ---------  -----                ---                  -------   ------  ------  ------  --------  -----      
3233879_2         hpda       flocat-genagn                              2          2026-09-17T10:02:14  2026-09-17T10:06:40  00:04:26                  1       0:0       COMPLETED  
3233879_2.batch              batch                              1       2          2026-09-17T10:02:14  2026-09-17T10:06:40  00:04:26                  1       0:0       COMPLETED  
3233879_2.extern             extern                             1       2          2026-09-17T10:02:14  2026-09-17T10:06:40  00:04:26                  1       0:0       COMPLETED  

$ sacct --format='JobID,JobName,AllocCPUS,ReqTRES,AllocTRES,NNodes,NodeList,Elapsed,CPUTime' -j 3233882
JobID             JobName        AllocCPUS  ReqTRES                           AllocTRES                         NNodes  NodeList  Elapsed   CPUTime   
-----             -------        ---------  -------                           ---------                         ------  --------  -------   -------   
3233879_2         flocat-genagn  2          billing=1,cpu=1,mem=3685M,node=1  billing=2,cpu=2,mem=7370M,node=1  1       c23hpda1  00:04:26  00:08:52  
3233879_2.batch   batch          2                                            cpu=2,mem=7370M,node=1            1       c23hpda1  00:04:26  00:08:52  
3233879_2.extern  extern         2                                            billing=2,cpu=2,mem=7370M,node=1  1       c23hpda1  00:04:26  00:08:52  

Pour plus d'informations sur la comptabilité du calcul, merci de consulter la documentation http://www-tech.criann.fr ou le manuel 'man sacct'
