Job ID: 3229408

Epoch 1/300
Train Loss: 0.2159, LR: 0.000007
tensor(1.2214, device='cuda:0', grad_fn=<ExpBackward0>)

Epoch 101/300
Train Loss: 0.0238, LR: 0.000669
tensor(1.2214, device='cuda:0', grad_fn=<ExpBackward0>)

Epoch 201/300
Train Loss: 0.0122, LR: 0.000750
tensor(0.8441, device='cuda:0', grad_fn=<ExpBackward0>)
AUC:        0.9310
Avg Precision: 0.9864
FPR@95:     0.2692
AUC: 0.9310 | FPR@95: 0.2692 | AP: 0.9864 | time: 962.94s

========================================
Dataset:        MVTecAD
Inlier class:   pill
Embedding type: wide_resnet50_2
AD model:       flocat-genagn
Training time:  962.94 sec
----------------------------------------
AUC:            0.9310 ± 0.0000
Avg Precision:  0.9864 ± 0.0000
FPR@95:         0.2692 ± 0.0000
========================================



########################################
   Comptabilité du calcul 3229408 
########################################
$ sacct --format='JobID,Partition,JobName,MaxRSS,MaxVMSize,NTasks,AllocCPUS,Start,End,Elapsed,AveCPU,MinCPU,NNodes,ExitCode,State' -j 3229408
JobID           Partition  JobName        MaxRSS   MaxVMSize  NTasks  AllocCPUS  Start                End                  Elapsed   AveCPU  MinCPU  NNodes  ExitCode  State      
-----           ---------  -------        -------  ---------  ------  ---------  -----                ---                  -------   ------  ------  ------  --------  -----      
3229408         hpda_mig   flocat-genagn                              4          2026-09-14T16:40:04  2026-09-14T16:56:18  00:16:14                  1       0:0       COMPLETED  
3229408.batch              batch                              1       4          2026-09-14T16:40:04  2026-09-14T16:56:18  00:16:14                  1       0:0       COMPLETED  
3229408.extern             extern                             1       4          2026-09-14T16:40:04  2026-09-14T16:56:18  00:16:14                  1       0:0       COMPLETED  

$ sacct --format='JobID,JobName,AllocCPUS,ReqTRES,AllocTRES,NNodes,NodeList,Elapsed,CPUTime' -j 3229408
JobID           JobName        AllocCPUS  ReqTRES                                                              AllocTRES                                                             NNodes  NodeList  Elapsed   CPUTime   
-----           -------        ---------  -------                                                              ---------                                                             ------  --------  -------   -------   
3229408         flocat-genagn  4          billing=1,cpu=1,gres/gpu:a100_3g.40gb=1,gres/gpu=1,mem=3685M,node=1  billing=4,cpu=4,gres/gpu:a100_3g.40gb=1,gres/gpu=1,mem=14740M,node=1  1       c23hpda5  00:16:14  01:04:56  
3229408.batch   batch          4                                                                               cpu=4,gres/gpu:a100_3g.40gb=1,gres/gpu=1,mem=14740M,node=1            1       c23hpda5  00:16:14  01:04:56  
3229408.extern  extern         4                                                                               billing=4,cpu=4,gres/gpu:a100_3g.40gb=1,gres/gpu=1,mem=14740M,node=1  1       c23hpda5  00:16:14  01:04:56  

Pour plus d'informations sur la comptabilité du calcul, merci de consulter la documentation http://www-tech.criann.fr ou le manuel 'man sacct'
