Job ID: 3230728

Epoch 1/300
Train Loss: 1.0584, LR: 0.000007
tensor(1., device='cuda:0', grad_fn=<ExpBackward0>)

Epoch 101/300
Train Loss: 0.1574, LR: 0.000669
tensor(1., device='cuda:0', grad_fn=<ExpBackward0>)

Epoch 201/300
Train Loss: 0.1050, LR: 0.000750
tensor(1., device='cuda:0', grad_fn=<ExpBackward0>)
AUC:        0.9426
Avg Precision: 0.9872
FPR@95:     0.3913
AUC: 0.9426 | FPR@95: 0.3913 | AP: 0.9872 | time: 77.94s

========================================
Dataset:        MVTecAD
Inlier class:   capsule
Embedding type: vit_base_patch16_224
AD model:       flocat-genagn
Training time:  77.94 sec
----------------------------------------
AUC:            0.9426 ± 0.0000
Avg Precision:  0.9872 ± 0.0000
FPR@95:         0.3913 ± 0.0000
========================================



########################################
   Comptabilité du calcul 3230728 
########################################
$ sacct --format='JobID,Partition,JobName,MaxRSS,MaxVMSize,NTasks,AllocCPUS,Start,End,Elapsed,AveCPU,MinCPU,NNodes,ExitCode,State' -j 3230728
JobID             Partition  JobName        MaxRSS   MaxVMSize  NTasks  AllocCPUS  Start                End                  Elapsed   AveCPU  MinCPU  NNodes  ExitCode  State      
-----             ---------  -------        -------  ---------  ------  ---------  -----                ---                  -------   ------  ------  ------  --------  -----      
3230682_2         hpda_mig   flocat-genagn                              4          2026-09-15T16:57:26  2026-09-15T16:58:50  00:01:24                  1       0:0       COMPLETED  
3230682_2.batch              batch                              1       4          2026-09-15T16:57:26  2026-09-15T16:58:50  00:01:24                  1       0:0       COMPLETED  
3230682_2.extern             extern                             1       4          2026-09-15T16:57:26  2026-09-15T16:58:50  00:01:24                  1       0:0       COMPLETED  

$ sacct --format='JobID,JobName,AllocCPUS,ReqTRES,AllocTRES,NNodes,NodeList,Elapsed,CPUTime' -j 3230728
JobID             JobName        AllocCPUS  ReqTRES                                                              AllocTRES                                                             NNodes  NodeList  Elapsed   CPUTime   
-----             -------        ---------  -------                                                              ---------                                                             ------  --------  -------   -------   
3230682_2         flocat-genagn  4          billing=1,cpu=1,gres/gpu:a100_3g.40gb=1,gres/gpu=1,mem=3685M,node=1  billing=4,cpu=4,gres/gpu:a100_3g.40gb=1,gres/gpu=1,mem=14740M,node=1  1       c23hpda5  00:01:24  00:05:36  
3230682_2.batch   batch          4                                                                               cpu=4,gres/gpu:a100_3g.40gb=1,gres/gpu=1,mem=14740M,node=1            1       c23hpda5  00:01:24  00:05:36  
3230682_2.extern  extern         4                                                                               billing=4,cpu=4,gres/gpu:a100_3g.40gb=1,gres/gpu=1,mem=14740M,node=1  1       c23hpda5  00:01:24  00:05:36  

Pour plus d'informations sur la comptabilité du calcul, merci de consulter la documentation http://www-tech.criann.fr ou le manuel 'man sacct'
