Job ID: 3233887
--------- n_run 1 -----------------


Epoch 1/300
Train Loss: 0.4338, LR: 0.000007
tensor(1.0000, grad_fn=<ExpBackward0>)

Epoch 101/300
Train Loss: 0.0648, LR: 0.000669
tensor(0.9493, grad_fn=<ExpBackward0>)

Epoch 201/300
Train Loss: 0.0438, LR: 0.000750
tensor(0.8305, grad_fn=<ExpBackward0>)
AUC:        0.8543
Avg Precision: 0.9603
FPR@95:     0.5909
AUC: 0.8543 | FPR@95: 0.5909 | AP: 0.9603 | time: 90.23s

--------- n_run 2 -----------------


Epoch 1/300
Train Loss: 0.4352, LR: 0.000007
tensor(1.0000, grad_fn=<ExpBackward0>)

Epoch 101/300
Train Loss: 0.0649, LR: 0.000669
tensor(0.9512, grad_fn=<ExpBackward0>)

Epoch 201/300
Train Loss: 0.0445, LR: 0.000750
tensor(0.8317, grad_fn=<ExpBackward0>)
AUC:        0.8275
Avg Precision: 0.9514
FPR@95:     0.5455
AUC: 0.8275 | FPR@95: 0.5455 | AP: 0.9514 | time: 87.16s

--------- n_run 3 -----------------


Epoch 1/300
Train Loss: 0.4335, LR: 0.000007
tensor(1.0000, grad_fn=<ExpBackward0>)

Epoch 101/300
Train Loss: 0.0629, LR: 0.000669
tensor(0.9494, grad_fn=<ExpBackward0>)

Epoch 201/300
Train Loss: 0.0448, LR: 0.000750
tensor(0.8306, grad_fn=<ExpBackward0>)
AUC:        0.8255
Avg Precision: 0.9527
FPR@95:     0.9091
AUC: 0.8255 | FPR@95: 0.9091 | AP: 0.9527 | time: 87.24s

========================================
Dataset:        MVTecAD
Inlier class:   metal_nut
Embedding type: vit_base_patch16_224
AD model:       flocat-genagn
Training time:  88.21 sec
----------------------------------------
AUC:            0.8358 ± 0.0132
Avg Precision:  0.9548 ± 0.0039
FPR@95:         0.6818 ± 0.1618
========================================



########################################
   Comptabilité du calcul 3233887 
########################################
$ sacct --format='JobID,Partition,JobName,MaxRSS,MaxVMSize,NTasks,AllocCPUS,Start,End,Elapsed,AveCPU,MinCPU,NNodes,ExitCode,State' -j 3233887
JobID             Partition  JobName        MaxRSS   MaxVMSize  NTasks  AllocCPUS  Start                End                  Elapsed   AveCPU  MinCPU  NNodes  ExitCode  State      
-----             ---------  -------        -------  ---------  ------  ---------  -----                ---                  -------   ------  ------  ------  --------  -----      
3233879_7         hpda       flocat-genagn                              2          2026-09-17T10:02:14  2026-09-17T10:06:50  00:04:36                  1       0:0       COMPLETED  
3233879_7.batch              batch                              1       2          2026-09-17T10:02:14  2026-09-17T10:06:50  00:04:36                  1       0:0       COMPLETED  
3233879_7.extern             extern                             1       2          2026-09-17T10:02:14  2026-09-17T10:06:50  00:04:36                  1       0:0       COMPLETED  

$ sacct --format='JobID,JobName,AllocCPUS,ReqTRES,AllocTRES,NNodes,NodeList,Elapsed,CPUTime' -j 3233887
JobID             JobName        AllocCPUS  ReqTRES                           AllocTRES                         NNodes  NodeList  Elapsed   CPUTime   
-----             -------        ---------  -------                           ---------                         ------  --------  -------   -------   
3233879_7         flocat-genagn  2          billing=1,cpu=1,mem=3685M,node=1  billing=2,cpu=2,mem=7370M,node=1  1       c23hpda2  00:04:36  00:09:12  
3233879_7.batch   batch          2                                            cpu=2,mem=7370M,node=1            1       c23hpda2  00:04:36  00:09:12  
3233879_7.extern  extern         2                                            billing=2,cpu=2,mem=7370M,node=1  1       c23hpda2  00:04:36  00:09:12  

Pour plus d'informations sur la comptabilité du calcul, merci de consulter la documentation http://www-tech.criann.fr ou le manuel 'man sacct'
