Job ID: 3232660
--------- n_run 1 -----------------


Epoch 1/300
Train Loss: 3.0978, LR: 0.000007
tensor(1., device='cuda:0', grad_fn=<ExpBackward0>)

Epoch 101/300
Train Loss: 0.3736, LR: 0.000669
tensor(1., device='cuda:0', grad_fn=<ExpBackward0>)

Epoch 201/300
Train Loss: 0.2575, LR: 0.000750
tensor(1., device='cuda:0', grad_fn=<ExpBackward0>)
AUC:        0.9868
Avg Precision: 0.9961
FPR@95:     0.0526
AUC: 0.9868 | FPR@95: 0.0526 | AP: 0.9961 | time: 97.10s

--------- n_run 2 -----------------


Epoch 1/300
Train Loss: 3.0761, LR: 0.000007
tensor(1., device='cuda:0', grad_fn=<ExpBackward0>)

Epoch 101/300
Train Loss: 0.3700, LR: 0.000669
tensor(1., device='cuda:0', grad_fn=<ExpBackward0>)

Epoch 201/300
Train Loss: 0.2616, LR: 0.000750
tensor(1., device='cuda:0', grad_fn=<ExpBackward0>)
AUC:        0.9877
Avg Precision: 0.9963
FPR@95:     0.0526
AUC: 0.9877 | FPR@95: 0.0526 | AP: 0.9963 | time: 87.56s

--------- n_run 3 -----------------


Epoch 1/300
Train Loss: 3.0833, LR: 0.000007
tensor(1., device='cuda:0', grad_fn=<ExpBackward0>)

Epoch 101/300
Train Loss: 0.3673, LR: 0.000669
tensor(1., device='cuda:0', grad_fn=<ExpBackward0>)

Epoch 201/300
Train Loss: 0.2603, LR: 0.000750
tensor(1., device='cuda:0', grad_fn=<ExpBackward0>)
AUC:        0.9886
Avg Precision: 0.9965
FPR@95:     0.0526
AUC: 0.9886 | FPR@95: 0.0526 | AP: 0.9965 | time: 88.01s

========================================
Dataset:        MVTecAD
Inlier class:   wood
Embedding type: vit_base_patch16_224
AD model:       flocat-genagn
Training time:  90.89 sec
----------------------------------------
AUC:            0.9877 ± 0.0007
Avg Precision:  0.9963 ± 0.0002
FPR@95:         0.0526 ± 0.0000
========================================



########################################
   Comptabilité du calcul 3232660 
########################################
$ sacct --format='JobID,Partition,JobName,MaxRSS,MaxVMSize,NTasks,AllocCPUS,Start,End,Elapsed,AveCPU,MinCPU,NNodes,ExitCode,State' -j 3232660
JobID              Partition  JobName        MaxRSS   MaxVMSize  NTasks  AllocCPUS  Start                End                  Elapsed   AveCPU  MinCPU  NNodes  ExitCode  State      
-----              ---------  -------        -------  ---------  ------  ---------  -----                ---                  -------   ------  ------  ------  --------  -----      
3232558_13         hpda_mig   flocat-genagn                              4          2026-09-16T17:38:55  2026-09-16T17:43:35  00:04:40                  1       0:0       COMPLETED  
3232558_13.batch              batch                              1       4          2026-09-16T17:38:55  2026-09-16T17:43:35  00:04:40                  1       0:0       COMPLETED  
3232558_13.extern             extern                             1       4          2026-09-16T17:38:55  2026-09-16T17:43:36  00:04:41                  1       0:0       COMPLETED  

$ sacct --format='JobID,JobName,AllocCPUS,ReqTRES,AllocTRES,NNodes,NodeList,Elapsed,CPUTime' -j 3232660
JobID              JobName        AllocCPUS  ReqTRES                                                              AllocTRES                                                             NNodes  NodeList  Elapsed   CPUTime   
-----              -------        ---------  -------                                                              ---------                                                             ------  --------  -------   -------   
3232558_13         flocat-genagn  4          billing=1,cpu=1,gres/gpu:a100_3g.40gb=1,gres/gpu=1,mem=3685M,node=1  billing=4,cpu=4,gres/gpu:a100_3g.40gb=1,gres/gpu=1,mem=14740M,node=1  1       c23hpda5  00:04:40  00:18:40  
3232558_13.batch   batch          4                                                                               cpu=4,gres/gpu:a100_3g.40gb=1,gres/gpu=1,mem=14740M,node=1            1       c23hpda5  00:04:40  00:18:40  
3232558_13.extern  extern         4                                                                               billing=4,cpu=4,gres/gpu:a100_3g.40gb=1,gres/gpu=1,mem=14740M,node=1  1       c23hpda5  00:04:41  00:18:44  

Pour plus d'informations sur la comptabilité du calcul, merci de consulter la documentation http://www-tech.criann.fr ou le manuel 'man sacct'
