Job ID: 3232585
--------- n_run 1 -----------------


Epoch 1/300
Train Loss: 2.6272, LR: 0.000007
tensor(1., device='cuda:0', grad_fn=<ExpBackward0>)

Epoch 101/300
Train Loss: 0.3165, LR: 0.000669
tensor(1., device='cuda:0', grad_fn=<ExpBackward0>)

Epoch 201/300
Train Loss: 0.2671, LR: 0.000750
tensor(1., device='cuda:0', grad_fn=<ExpBackward0>)
AUC:        0.8786
Avg Precision: 0.9747
FPR@95:     0.5000
AUC: 0.8786 | FPR@95: 0.5000 | AP: 0.9747 | time: 75.47s

--------- n_run 2 -----------------


Epoch 1/300
Train Loss: 2.6314, LR: 0.000007
tensor(1., device='cuda:0', grad_fn=<ExpBackward0>)

Epoch 101/300
Train Loss: 0.3153, LR: 0.000669
tensor(1., device='cuda:0', grad_fn=<ExpBackward0>)

Epoch 201/300
Train Loss: 0.2605, LR: 0.000750
tensor(1., device='cuda:0', grad_fn=<ExpBackward0>)
AUC:        0.8718
Avg Precision: 0.9739
FPR@95:     0.6154
AUC: 0.8718 | FPR@95: 0.6154 | AP: 0.9739 | time: 74.29s

--------- n_run 3 -----------------


Epoch 1/300
Train Loss: 2.6303, LR: 0.000007
tensor(1., device='cuda:0', grad_fn=<ExpBackward0>)

Epoch 101/300
Train Loss: 0.3215, LR: 0.000669
tensor(1., device='cuda:0', grad_fn=<ExpBackward0>)

Epoch 201/300
Train Loss: 0.2720, LR: 0.000750
tensor(1., device='cuda:0', grad_fn=<ExpBackward0>)
AUC:        0.8797
Avg Precision: 0.9742
FPR@95:     0.4231
AUC: 0.8797 | FPR@95: 0.4231 | AP: 0.9742 | time: 74.27s

========================================
Dataset:        MVTecAD
Inlier class:   pill
Embedding type: vit_base_patch16_224
AD model:       flocat-genagn
Training time:  74.68 sec
----------------------------------------
AUC:            0.8767 ± 0.0035
Avg Precision:  0.9743 ± 0.0004
FPR@95:         0.5128 ± 0.0790
========================================



########################################
   Comptabilité du calcul 3232585 
########################################
$ sacct --format='JobID,Partition,JobName,MaxRSS,MaxVMSize,NTasks,AllocCPUS,Start,End,Elapsed,AveCPU,MinCPU,NNodes,ExitCode,State' -j 3232585
JobID             Partition  JobName        MaxRSS   MaxVMSize  NTasks  AllocCPUS  Start                End                  Elapsed   AveCPU  MinCPU  NNodes  ExitCode  State      
-----             ---------  -------        -------  ---------  ------  ---------  -----                ---                  -------   ------  ------  ------  --------  -----      
3232556_8         hpda_mig   flocat-genagn                              4          2026-09-16T16:45:54  2026-09-16T16:49:43  00:03:49                  1       0:0       COMPLETED  
3232556_8.batch              batch                              1       4          2026-09-16T16:45:54  2026-09-16T16:49:43  00:03:49                  1       0:0       COMPLETED  
3232556_8.extern             extern                             1       4          2026-09-16T16:45:54  2026-09-16T16:49:43  00:03:49                  1       0:0       COMPLETED  

$ sacct --format='JobID,JobName,AllocCPUS,ReqTRES,AllocTRES,NNodes,NodeList,Elapsed,CPUTime' -j 3232585
JobID             JobName        AllocCPUS  ReqTRES                                                              AllocTRES                                                             NNodes  NodeList  Elapsed   CPUTime   
-----             -------        ---------  -------                                                              ---------                                                             ------  --------  -------   -------   
3232556_8         flocat-genagn  4          billing=1,cpu=1,gres/gpu:a100_3g.40gb=1,gres/gpu=1,mem=3685M,node=1  billing=4,cpu=4,gres/gpu:a100_3g.40gb=1,gres/gpu=1,mem=14740M,node=1  1       c23hpda5  00:03:49  00:15:16  
3232556_8.batch   batch          4                                                                               cpu=4,gres/gpu:a100_3g.40gb=1,gres/gpu=1,mem=14740M,node=1            1       c23hpda5  00:03:49  00:15:16  
3232556_8.extern  extern         4                                                                               billing=4,cpu=4,gres/gpu:a100_3g.40gb=1,gres/gpu=1,mem=14740M,node=1  1       c23hpda5  00:03:49  00:15:16  

Pour plus d'informations sur la comptabilité du calcul, merci de consulter la documentation http://www-tech.criann.fr ou le manuel 'man sacct'
