Job ID: 3230738

Epoch 1/300
Train Loss: 2.6238, LR: 0.000007
tensor(1., device='cuda:0', grad_fn=<ExpBackward0>)

Epoch 101/300
Train Loss: 0.3342, LR: 0.000669
tensor(1., device='cuda:0', grad_fn=<ExpBackward0>)

Epoch 201/300
Train Loss: 0.2340, LR: 0.000750
tensor(1., device='cuda:0', grad_fn=<ExpBackward0>)
AUC:        0.9790
Avg Precision: 0.9952
FPR@95:     0.1818
AUC: 0.9790 | FPR@95: 0.1818 | AP: 0.9952 | time: 88.27s

========================================
Dataset:        MVTecAD
Inlier class:   metal_nut
Embedding type: vit_base_patch16_224
AD model:       flocat-genagn
Training time:  88.27 sec
----------------------------------------
AUC:            0.9790 ± 0.0000
Avg Precision:  0.9952 ± 0.0000
FPR@95:         0.1818 ± 0.0000
========================================



########################################
   Comptabilité du calcul 3230738 
########################################
$ sacct --format='JobID,Partition,JobName,MaxRSS,MaxVMSize,NTasks,AllocCPUS,Start,End,Elapsed,AveCPU,MinCPU,NNodes,ExitCode,State' -j 3230738
JobID             Partition  JobName        MaxRSS   MaxVMSize  NTasks  AllocCPUS  Start                End                  Elapsed   AveCPU  MinCPU  NNodes  ExitCode  State      
-----             ---------  -------        -------  ---------  ------  ---------  -----                ---                  -------   ------  ------  ------  --------  -----      
3230682_7         hpda_mig   flocat-genagn                              4          2026-09-15T17:07:26  2026-09-15T17:09:01  00:01:35                  1       0:0       COMPLETED  
3230682_7.batch              batch                              1       4          2026-09-15T17:07:26  2026-09-15T17:09:01  00:01:35                  1       0:0       COMPLETED  
3230682_7.extern             extern                             1       4          2026-09-15T17:07:26  2026-09-15T17:09:01  00:01:35                  1       0:0       COMPLETED  

$ sacct --format='JobID,JobName,AllocCPUS,ReqTRES,AllocTRES,NNodes,NodeList,Elapsed,CPUTime' -j 3230738
JobID             JobName        AllocCPUS  ReqTRES                                                              AllocTRES                                                             NNodes  NodeList  Elapsed   CPUTime   
-----             -------        ---------  -------                                                              ---------                                                             ------  --------  -------   -------   
3230682_7         flocat-genagn  4          billing=1,cpu=1,gres/gpu:a100_3g.40gb=1,gres/gpu=1,mem=3685M,node=1  billing=4,cpu=4,gres/gpu:a100_3g.40gb=1,gres/gpu=1,mem=14740M,node=1  1       c23hpda5  00:01:35  00:06:20  
3230682_7.batch   batch          4                                                                               cpu=4,gres/gpu:a100_3g.40gb=1,gres/gpu=1,mem=14740M,node=1            1       c23hpda5  00:01:35  00:06:20  
3230682_7.extern  extern         4                                                                               billing=4,cpu=4,gres/gpu:a100_3g.40gb=1,gres/gpu=1,mem=14740M,node=1  1       c23hpda5  00:01:35  00:06:20  

Pour plus d'informations sur la comptabilité du calcul, merci de consulter la documentation http://www-tech.criann.fr ou le manuel 'man sacct'
