Job ID: 3230758

Epoch 1/300
Train Loss: 3.0804, LR: 0.000007
tensor(1., device='cuda:0', grad_fn=<ExpBackward0>)

Epoch 101/300
Train Loss: 0.3737, LR: 0.000669
tensor(1., device='cuda:0', grad_fn=<ExpBackward0>)

Epoch 201/300
Train Loss: 0.2644, LR: 0.000750
tensor(1., device='cuda:0', grad_fn=<ExpBackward0>)
AUC:        0.9886
Avg Precision: 0.9965
FPR@95:     0.0526
AUC: 0.9886 | FPR@95: 0.0526 | AP: 0.9965 | time: 87.27s

========================================
Dataset:        MVTecAD
Inlier class:   wood
Embedding type: vit_base_patch16_224
AD model:       flocat-genagn
Training time:  87.27 sec
----------------------------------------
AUC:            0.9886 ± 0.0000
Avg Precision:  0.9965 ± 0.0000
FPR@95:         0.0526 ± 0.0000
========================================



########################################
   Comptabilité du calcul 3230758 
########################################
$ sacct --format='JobID,Partition,JobName,MaxRSS,MaxVMSize,NTasks,AllocCPUS,Start,End,Elapsed,AveCPU,MinCPU,NNodes,ExitCode,State' -j 3230758
JobID              Partition  JobName        MaxRSS   MaxVMSize  NTasks  AllocCPUS  Start                End                  Elapsed   AveCPU  MinCPU  NNodes  ExitCode  State      
-----              ---------  -------        -------  ---------  ------  ---------  -----                ---                  -------   ------  ------  ------  --------  -----      
3230682_13         hpda_mig   flocat-genagn                              4          2026-09-15T17:18:26  2026-09-15T17:20:00  00:01:34                  1       0:0       COMPLETED  
3230682_13.batch              batch                              1       4          2026-09-15T17:18:26  2026-09-15T17:20:00  00:01:34                  1       0:0       COMPLETED  
3230682_13.extern             extern                             1       4          2026-09-15T17:18:26  2026-09-15T17:20:00  00:01:34                  1       0:0       COMPLETED  

$ sacct --format='JobID,JobName,AllocCPUS,ReqTRES,AllocTRES,NNodes,NodeList,Elapsed,CPUTime' -j 3230758
JobID              JobName        AllocCPUS  ReqTRES                                                              AllocTRES                                                             NNodes  NodeList  Elapsed   CPUTime   
-----              -------        ---------  -------                                                              ---------                                                             ------  --------  -------   -------   
3230682_13         flocat-genagn  4          billing=1,cpu=1,gres/gpu:a100_3g.40gb=1,gres/gpu=1,mem=3685M,node=1  billing=4,cpu=4,gres/gpu:a100_3g.40gb=1,gres/gpu=1,mem=14740M,node=1  1       c23hpda5  00:01:34  00:06:16  
3230682_13.batch   batch          4                                                                               cpu=4,gres/gpu:a100_3g.40gb=1,gres/gpu=1,mem=14740M,node=1            1       c23hpda5  00:01:34  00:06:16  
3230682_13.extern  extern         4                                                                               billing=4,cpu=4,gres/gpu:a100_3g.40gb=1,gres/gpu=1,mem=14740M,node=1  1       c23hpda5  00:01:34  00:06:16  

Pour plus d'informations sur la comptabilité du calcul, merci de consulter la documentation http://www-tech.criann.fr ou le manuel 'man sacct'
