Job ID: 3238917
Device : cuda
Model type : vit
ViT model : vit_base_patch16_224, image_size=256, mode=patch tokens natifs

=== Catégorie : capsules ===
Train : 542 images | Test : 160 images
Répartition test : {'bad': 100, 'good': 60}
Extraction train...
  -> data/embeddings/vitpatch_level/vit_base_patch16_224_patches/capsules/train.pt  (542 images, 256 patches/image, 768 dims)
Extraction test...
  -> data/embeddings/vitpatch_level/vit_base_patch16_224_patches/capsules/test.pt  (160 images, 256 patches/image, 768 dims)

Terminé.

########################################
   Comptabilité du calcul 3238917 
########################################
$ sacct --format='JobID,Partition,JobName,MaxRSS,MaxVMSize,NTasks,AllocCPUS,Start,End,Elapsed,AveCPU,MinCPU,NNodes,ExitCode,State' -j 3238917
JobID             Partition  JobName        MaxRSS   MaxVMSize  NTasks  AllocCPUS  Start                End                  Elapsed   AveCPU  MinCPU  NNodes  ExitCode  State      
-----             ---------  -------        -------  ---------  ------  ---------  -----                ---                  -------   ------  ------  ------  --------  -----      
3238886_1         hpda_mig   flocat-genagn                              4          2026-09-22T14:21:27  2026-09-22T14:21:53  00:00:26                  1       0:0       COMPLETED  
3238886_1.batch              batch                              1       4          2026-09-22T14:21:27  2026-09-22T14:21:53  00:00:26                  1       0:0       COMPLETED  
3238886_1.extern             extern                             1       4          2026-09-22T14:21:27  2026-09-22T14:21:53  00:00:26                  1       0:0       COMPLETED  

$ sacct --format='JobID,JobName,AllocCPUS,ReqTRES,AllocTRES,NNodes,NodeList,Elapsed,CPUTime' -j 3238917
JobID             JobName        AllocCPUS  ReqTRES                                                              AllocTRES                                                             NNodes  NodeList  Elapsed   CPUTime   
-----             -------        ---------  -------                                                              ---------                                                             ------  --------  -------   -------   
3238886_1         flocat-genagn  4          billing=1,cpu=1,gres/gpu:a100_3g.40gb=1,gres/gpu=1,mem=3685M,node=1  billing=4,cpu=4,gres/gpu:a100_3g.40gb=1,gres/gpu=1,mem=14740M,node=1  1       c23hpda5  00:00:26  00:01:44  
3238886_1.batch   batch          4                                                                               cpu=4,gres/gpu:a100_3g.40gb=1,gres/gpu=1,mem=14740M,node=1            1       c23hpda5  00:00:26  00:01:44  
3238886_1.extern  extern         4                                                                               billing=4,cpu=4,gres/gpu:a100_3g.40gb=1,gres/gpu=1,mem=14740M,node=1  1       c23hpda5  00:00:26  00:01:44  

Pour plus d'informations sur la comptabilité du calcul, merci de consulter la documentation http://www-tech.criann.fr ou le manuel 'man sacct'
