Job ID: 3233879
--------- n_run 1 -----------------


Epoch 1/300
Train Loss: 0.2414, LR: 0.000007
tensor(1.0000, grad_fn=<ExpBackward0>)

Epoch 101/300
Train Loss: 0.0235, LR: 0.000669
tensor(0.9447, grad_fn=<ExpBackward0>)

Epoch 201/300
Train Loss: 0.0126, LR: 0.000750
tensor(0.8038, grad_fn=<ExpBackward0>)
AUC:        0.9548
Avg Precision: 0.9875
FPR@95:     0.2812
AUC: 0.9548 | FPR@95: 0.2812 | AP: 0.9875 | time: 94.71s

--------- n_run 2 -----------------


Epoch 1/300
Train Loss: 0.2414, LR: 0.000007
tensor(1.0000, grad_fn=<ExpBackward0>)

Epoch 101/300
Train Loss: 0.0242, LR: 0.000669
tensor(0.9448, grad_fn=<ExpBackward0>)

Epoch 201/300
Train Loss: 0.0129, LR: 0.000750
tensor(0.8042, grad_fn=<ExpBackward0>)
AUC:        0.9525
Avg Precision: 0.9862
FPR@95:     0.2188
AUC: 0.9525 | FPR@95: 0.2188 | AP: 0.9862 | time: 90.88s

--------- n_run 3 -----------------


Epoch 1/300
Train Loss: 0.2413, LR: 0.000007
tensor(1.0000, grad_fn=<ExpBackward0>)

Epoch 101/300
Train Loss: 0.0228, LR: 0.000669
tensor(0.9443, grad_fn=<ExpBackward0>)

Epoch 201/300
Train Loss: 0.0124, LR: 0.000750
tensor(0.8039, grad_fn=<ExpBackward0>)
AUC:        0.9598
Avg Precision: 0.9895
FPR@95:     0.3438
AUC: 0.9598 | FPR@95: 0.3438 | AP: 0.9895 | time: 90.59s

========================================
Dataset:        MVTecAD
Inlier class:   zipper
Embedding type: vit_base_patch16_224
AD model:       flocat-genagn
Training time:  92.06 sec
----------------------------------------
AUC:            0.9557 ± 0.0031
Avg Precision:  0.9878 ± 0.0014
FPR@95:         0.2812 ± 0.0510
========================================


