Job ID: 3232633
--------- n_run 1 -----------------


Epoch 1/300
Train Loss: 0.8501, LR: 0.000007
tensor(1., device='cuda:0', grad_fn=<ExpBackward0>)

Epoch 101/300
Train Loss: 0.1066, LR: 0.000669
tensor(1., device='cuda:0', grad_fn=<ExpBackward0>)

Epoch 201/300
Train Loss: 0.0746, LR: 0.000750
tensor(1., device='cuda:0', grad_fn=<ExpBackward0>)
AUC:        0.9843
Avg Precision: 0.9955
FPR@95:     0.0714
AUC: 0.9843 | FPR@95: 0.0714 | AP: 0.9955 | time: 99.37s

--------- n_run 2 -----------------


Epoch 1/300
Train Loss: 0.8508, LR: 0.000007
tensor(1., device='cuda:0', grad_fn=<ExpBackward0>)

Epoch 101/300
Train Loss: 0.1062, LR: 0.000669
tensor(1., device='cuda:0', grad_fn=<ExpBackward0>)

Epoch 201/300
Train Loss: 0.0751, LR: 0.000750
tensor(1., device='cuda:0', grad_fn=<ExpBackward0>)
AUC:        0.9783
Avg Precision: 0.9937
FPR@95:     0.2500
AUC: 0.9783 | FPR@95: 0.2500 | AP: 0.9937 | time: 100.04s

--------- n_run 3 -----------------


Epoch 1/300
Train Loss: 0.8535, LR: 0.000007
tensor(1., device='cuda:0', grad_fn=<ExpBackward0>)

Epoch 101/300
Train Loss: 0.1066, LR: 0.000669
tensor(1., device='cuda:0', grad_fn=<ExpBackward0>)

Epoch 201/300
Train Loss: 0.0730, LR: 0.000750
tensor(1., device='cuda:0', grad_fn=<ExpBackward0>)
AUC:        0.9811
Avg Precision: 0.9946
FPR@95:     0.1071
AUC: 0.9811 | FPR@95: 0.1071 | AP: 0.9946 | time: 96.79s

========================================
Dataset:        MVTecAD
Inlier class:   carpet
Embedding type: vit_base_patch16_224
AD model:       flocat-genagn
Training time:  98.73 sec
----------------------------------------
AUC:            0.9813 ± 0.0025
Avg Precision:  0.9946 ± 0.0007
FPR@95:         0.1429 ± 0.0772
========================================



########################################
   Comptabilité du calcul 3232633 
########################################
$ sacct --format='JobID,Partition,JobName,MaxRSS,MaxVMSize,NTasks,AllocCPUS,Start,End,Elapsed,AveCPU,MinCPU,NNodes,ExitCode,State' -j 3232633
JobID             Partition  JobName        MaxRSS   MaxVMSize  NTasks  AllocCPUS  Start                End                  Elapsed   AveCPU  MinCPU  NNodes  ExitCode  State      
-----             ---------  -------        -------  ---------  ------  ---------  -----                ---                  -------   ------  ------  ------  --------  -----      
3232558_3         hpda_mig   flocat-genagn                              4          2026-09-16T17:20:25  2026-09-16T17:25:27  00:05:02                  1       0:0       COMPLETED  
3232558_3.batch              batch                              1       4          2026-09-16T17:20:25  2026-09-16T17:25:27  00:05:02                  1       0:0       COMPLETED  
3232558_3.extern             extern                             1       4          2026-09-16T17:20:25  2026-09-16T17:25:27  00:05:02                  1       0:0       COMPLETED  

$ sacct --format='JobID,JobName,AllocCPUS,ReqTRES,AllocTRES,NNodes,NodeList,Elapsed,CPUTime' -j 3232633
JobID             JobName        AllocCPUS  ReqTRES                                                              AllocTRES                                                             NNodes  NodeList  Elapsed   CPUTime   
-----             -------        ---------  -------                                                              ---------                                                             ------  --------  -------   -------   
3232558_3         flocat-genagn  4          billing=1,cpu=1,gres/gpu:a100_3g.40gb=1,gres/gpu=1,mem=3685M,node=1  billing=4,cpu=4,gres/gpu:a100_3g.40gb=1,gres/gpu=1,mem=14740M,node=1  1       c23hpda5  00:05:02  00:20:08  
3232558_3.batch   batch          4                                                                               cpu=4,gres/gpu:a100_3g.40gb=1,gres/gpu=1,mem=14740M,node=1            1       c23hpda5  00:05:02  00:20:08  
3232558_3.extern  extern         4                                                                               billing=4,cpu=4,gres/gpu:a100_3g.40gb=1,gres/gpu=1,mem=14740M,node=1  1       c23hpda5  00:05:02  00:20:08  

Pour plus d'informations sur la comptabilité du calcul, merci de consulter la documentation http://www-tech.criann.fr ou le manuel 'man sacct'
