Job ID: 3230682

Epoch 1/300
Train Loss: 2.4956, LR: 0.000007
tensor(1., device='cuda:0', grad_fn=<ExpBackward0>)

Epoch 101/300
Train Loss: 0.2823, LR: 0.000669
tensor(1., device='cuda:0', grad_fn=<ExpBackward0>)

Epoch 201/300
Train Loss: 0.1887, LR: 0.000750
tensor(1., device='cuda:0', grad_fn=<ExpBackward0>)
AUC:        0.9651
Avg Precision: 0.9905
FPR@95:     0.1875
AUC: 0.9651 | FPR@95: 0.1875 | AP: 0.9905 | time: 82.82s

========================================
Dataset:        MVTecAD
Inlier class:   zipper
Embedding type: vit_base_patch16_224
AD model:       flocat-genagn
Training time:  82.82 sec
----------------------------------------
AUC:            0.9651 ± 0.0000
Avg Precision:  0.9905 ± 0.0000
FPR@95:         0.1875 ± 0.0000
========================================


