Job ID: 3232643
--------- n_run 1 -----------------


Epoch 1/300
Train Loss: 2.4664, LR: 0.000007
tensor(1., device='cuda:0', grad_fn=<ExpBackward0>)

Epoch 101/300
Train Loss: 0.3610, LR: 0.000669
tensor(1., device='cuda:0', grad_fn=<ExpBackward0>)

Epoch 201/300
Train Loss: 0.2714, LR: 0.000750
tensor(1., device='cuda:0', grad_fn=<ExpBackward0>)
AUC:        0.9225
Avg Precision: 0.9591
FPR@95:     0.5250
AUC: 0.9225 | FPR@95: 0.5250 | AP: 0.9591 | time: 150.64s

--------- n_run 2 -----------------


Epoch 1/300
Train Loss: 2.4579, LR: 0.000007
tensor(1., device='cuda:0', grad_fn=<ExpBackward0>)

Epoch 101/300
Train Loss: 0.3473, LR: 0.000669
tensor(1., device='cuda:0', grad_fn=<ExpBackward0>)

Epoch 201/300
Train Loss: 0.2671, LR: 0.000750
tensor(1., device='cuda:0', grad_fn=<ExpBackward0>)
AUC:        0.9204
Avg Precision: 0.9585
FPR@95:     0.5000
AUC: 0.9204 | FPR@95: 0.5000 | AP: 0.9585 | time: 149.66s

--------- n_run 3 -----------------


Epoch 1/300
Train Loss: 2.4545, LR: 0.000007
tensor(1., device='cuda:0', grad_fn=<ExpBackward0>)

Epoch 101/300
Train Loss: 0.3538, LR: 0.000669
tensor(1., device='cuda:0', grad_fn=<ExpBackward0>)

Epoch 201/300
Train Loss: 0.2697, LR: 0.000750
tensor(1., device='cuda:0', grad_fn=<ExpBackward0>)
AUC:        0.9204
Avg Precision: 0.9573
FPR@95:     0.4750
AUC: 0.9204 | FPR@95: 0.4750 | AP: 0.9573 | time: 145.55s

========================================
Dataset:        MVTecAD
Inlier class:   hazelnut
Embedding type: vit_base_patch16_224
AD model:       flocat-genagn
Training time:  148.62 sec
----------------------------------------
AUC:            0.9211 ± 0.0010
Avg Precision:  0.9583 ± 0.0008
FPR@95:         0.5000 ± 0.0204
========================================



########################################
   Comptabilité du calcul 3232643 
########################################
$ sacct --format='JobID,Partition,JobName,MaxRSS,MaxVMSize,NTasks,AllocCPUS,Start,End,Elapsed,AveCPU,MinCPU,NNodes,ExitCode,State' -j 3232643
JobID             Partition  JobName        MaxRSS   MaxVMSize  NTasks  AllocCPUS  Start                End                  Elapsed   AveCPU  MinCPU  NNodes  ExitCode  State      
-----             ---------  -------        -------  ---------  ------  ---------  -----                ---                  -------   ------  ------  ------  --------  -----      
3232558_5         hpda_mig   flocat-genagn                              4          2026-09-16T17:25:55  2026-09-16T17:33:28  00:07:33                  1       0:0       COMPLETED  
3232558_5.batch              batch                              1       4          2026-09-16T17:25:55  2026-09-16T17:33:28  00:07:33                  1       0:0       COMPLETED  
3232558_5.extern             extern                             1       4          2026-09-16T17:25:55  2026-09-16T17:33:28  00:07:33                  1       0:0       COMPLETED  

$ sacct --format='JobID,JobName,AllocCPUS,ReqTRES,AllocTRES,NNodes,NodeList,Elapsed,CPUTime' -j 3232643
JobID             JobName        AllocCPUS  ReqTRES                                                              AllocTRES                                                             NNodes  NodeList  Elapsed   CPUTime   
-----             -------        ---------  -------                                                              ---------                                                             ------  --------  -------   -------   
3232558_5         flocat-genagn  4          billing=1,cpu=1,gres/gpu:a100_3g.40gb=1,gres/gpu=1,mem=3685M,node=1  billing=4,cpu=4,gres/gpu:a100_3g.40gb=1,gres/gpu=1,mem=14740M,node=1  1       c23hpda5  00:07:33  00:30:12  
3232558_5.batch   batch          4                                                                               cpu=4,gres/gpu:a100_3g.40gb=1,gres/gpu=1,mem=14740M,node=1            1       c23hpda5  00:07:33  00:30:12  
3232558_5.extern  extern         4                                                                               billing=4,cpu=4,gres/gpu:a100_3g.40gb=1,gres/gpu=1,mem=14740M,node=1  1       c23hpda5  00:07:33  00:30:12  

Pour plus d'informations sur la comptabilité du calcul, merci de consulter la documentation http://www-tech.criann.fr ou le manuel 'man sacct'
