Job ID: 3233890
--------- n_run 1 -----------------


Epoch 1/300
Train Loss: 0.3494, LR: 0.000007
tensor(1.0000, grad_fn=<ExpBackward0>)

Epoch 101/300
Train Loss: 0.0300, LR: 0.000669
tensor(0.9594, grad_fn=<ExpBackward0>)

Epoch 201/300
Train Loss: 0.0157, LR: 0.000750
tensor(0.8147, grad_fn=<ExpBackward0>)
AUC:        0.9740
Avg Precision: 0.9899
FPR@95:     0.1818
AUC: 0.9740 | FPR@95: 0.1818 | AP: 0.9899 | time: 93.52s

--------- n_run 2 -----------------


Epoch 1/300
Train Loss: 0.3470, LR: 0.000007
tensor(1.0000, grad_fn=<ExpBackward0>)

Epoch 101/300
Train Loss: 0.0307, LR: 0.000669
tensor(0.9597, grad_fn=<ExpBackward0>)

Epoch 201/300
Train Loss: 0.0158, LR: 0.000750
tensor(0.8309, grad_fn=<ExpBackward0>)
AUC:        0.9758
Avg Precision: 0.9907
FPR@95:     0.1818
AUC: 0.9758 | FPR@95: 0.1818 | AP: 0.9907 | time: 90.75s

--------- n_run 3 -----------------


Epoch 1/300
Train Loss: 0.3473, LR: 0.000007
tensor(1.0000, grad_fn=<ExpBackward0>)

Epoch 101/300
Train Loss: 0.0291, LR: 0.000669
tensor(0.9609, grad_fn=<ExpBackward0>)

Epoch 201/300
Train Loss: 0.0155, LR: 0.000750
tensor(0.8309, grad_fn=<ExpBackward0>)
AUC:        0.9747
Avg Precision: 0.9901
FPR@95:     0.1818
AUC: 0.9747 | FPR@95: 0.1818 | AP: 0.9901 | time: 90.54s

========================================
Dataset:        MVTecAD
Inlier class:   tile
Embedding type: vit_base_patch16_224
AD model:       flocat-genagn
Training time:  91.60 sec
----------------------------------------
AUC:            0.9749 ± 0.0007
Avg Precision:  0.9902 ± 0.0003
FPR@95:         0.1818 ± 0.0000
========================================



########################################
   Comptabilité du calcul 3233890 
########################################
$ sacct --format='JobID,Partition,JobName,MaxRSS,MaxVMSize,NTasks,AllocCPUS,Start,End,Elapsed,AveCPU,MinCPU,NNodes,ExitCode,State' -j 3233890
JobID              Partition  JobName        MaxRSS   MaxVMSize  NTasks  AllocCPUS  Start                End                  Elapsed   AveCPU  MinCPU  NNodes  ExitCode  State      
-----              ---------  -------        -------  ---------  ------  ---------  -----                ---                  -------   ------  ------  ------  --------  -----      
3233879_10         hpda       flocat-genagn                              2          2026-09-17T10:02:14  2026-09-17T10:07:00  00:04:46                  1       0:0       COMPLETED  
3233879_10.batch              batch                              1       2          2026-09-17T10:02:14  2026-09-17T10:07:00  00:04:46                  1       0:0       COMPLETED  
3233879_10.extern             extern                             1       2          2026-09-17T10:02:14  2026-09-17T10:07:00  00:04:46                  1       0:0       COMPLETED  

$ sacct --format='JobID,JobName,AllocCPUS,ReqTRES,AllocTRES,NNodes,NodeList,Elapsed,CPUTime' -j 3233890
JobID              JobName        AllocCPUS  ReqTRES                           AllocTRES                         NNodes  NodeList  Elapsed   CPUTime   
-----              -------        ---------  -------                           ---------                         ------  --------  -------   -------   
3233879_10         flocat-genagn  2          billing=1,cpu=1,mem=3685M,node=1  billing=2,cpu=2,mem=7370M,node=1  1       c23hpda2  00:04:46  00:09:32  
3233879_10.batch   batch          2                                            cpu=2,mem=7370M,node=1            1       c23hpda2  00:04:46  00:09:32  
3233879_10.extern  extern         2                                            billing=2,cpu=2,mem=7370M,node=1  1       c23hpda2  00:04:46  00:09:32  

Pour plus d'informations sur la comptabilité du calcul, merci de consulter la documentation http://www-tech.criann.fr ou le manuel 'man sacct'
