Job ID: 3232652
--------- n_run 1 -----------------


Epoch 1/300
Train Loss: 1.6849, LR: 0.000007
tensor(1., device='cuda:0', grad_fn=<ExpBackward0>)

Epoch 101/300
Train Loss: 0.2217, LR: 0.000669
tensor(1., device='cuda:0', grad_fn=<ExpBackward0>)

Epoch 201/300
Train Loss: 0.1530, LR: 0.000750
tensor(1., device='cuda:0', grad_fn=<ExpBackward0>)
AUC:        0.9949
Avg Precision: 0.9980
FPR@95:     0.0606
AUC: 0.9949 | FPR@95: 0.0606 | AP: 0.9980 | time: 98.61s

--------- n_run 2 -----------------


Epoch 1/300
Train Loss: 1.6677, LR: 0.000007
tensor(1., device='cuda:0', grad_fn=<ExpBackward0>)

Epoch 101/300
Train Loss: 0.2230, LR: 0.000669
tensor(1., device='cuda:0', grad_fn=<ExpBackward0>)

Epoch 201/300
Train Loss: 0.1528, LR: 0.000750
tensor(1., device='cuda:0', grad_fn=<ExpBackward0>)
AUC:        0.9949
Avg Precision: 0.9980
FPR@95:     0.0606
AUC: 0.9949 | FPR@95: 0.0606 | AP: 0.9980 | time: 95.10s

--------- n_run 3 -----------------


Epoch 1/300
Train Loss: 1.6757, LR: 0.000007
tensor(1., device='cuda:0', grad_fn=<ExpBackward0>)

Epoch 101/300
Train Loss: 0.2180, LR: 0.000669
tensor(1., device='cuda:0', grad_fn=<ExpBackward0>)

Epoch 201/300
Train Loss: 0.1506, LR: 0.000750
tensor(1., device='cuda:0', grad_fn=<ExpBackward0>)
AUC:        0.9949
Avg Precision: 0.9980
FPR@95:     0.0606
AUC: 0.9949 | FPR@95: 0.0606 | AP: 0.9980 | time: 94.16s

========================================
Dataset:        MVTecAD
Inlier class:   tile
Embedding type: vit_base_patch16_224
AD model:       flocat-genagn
Training time:  95.96 sec
----------------------------------------
AUC:            0.9949 ± 0.0000
Avg Precision:  0.9980 ± 0.0000
FPR@95:         0.0606 ± 0.0000
========================================



########################################
   Comptabilité du calcul 3232652 
########################################
$ sacct --format='JobID,Partition,JobName,MaxRSS,MaxVMSize,NTasks,AllocCPUS,Start,End,Elapsed,AveCPU,MinCPU,NNodes,ExitCode,State' -j 3232652
JobID              Partition  JobName        MaxRSS   MaxVMSize  NTasks  AllocCPUS  Start                End                  Elapsed   AveCPU  MinCPU  NNodes  ExitCode  State      
-----              ---------  -------        -------  ---------  ------  ---------  -----                ---                  -------   ------  ------  ------  --------  -----      
3232558_10         hpda_mig   flocat-genagn                              4          2026-09-16T17:33:55  2026-09-16T17:38:50  00:04:55                  1       0:0       COMPLETED  
3232558_10.batch              batch                              1       4          2026-09-16T17:33:55  2026-09-16T17:38:50  00:04:55                  1       0:0       COMPLETED  
3232558_10.extern             extern                             1       4          2026-09-16T17:33:55  2026-09-16T17:38:50  00:04:55                  1       0:0       COMPLETED  

$ sacct --format='JobID,JobName,AllocCPUS,ReqTRES,AllocTRES,NNodes,NodeList,Elapsed,CPUTime' -j 3232652
JobID              JobName        AllocCPUS  ReqTRES                                                              AllocTRES                                                             NNodes  NodeList  Elapsed   CPUTime   
-----              -------        ---------  -------                                                              ---------                                                             ------  --------  -------   -------   
3232558_10         flocat-genagn  4          billing=1,cpu=1,gres/gpu:a100_3g.40gb=1,gres/gpu=1,mem=3685M,node=1  billing=4,cpu=4,gres/gpu:a100_3g.40gb=1,gres/gpu=1,mem=14740M,node=1  1       c23hpda5  00:04:55  00:19:40  
3232558_10.batch   batch          4                                                                               cpu=4,gres/gpu:a100_3g.40gb=1,gres/gpu=1,mem=14740M,node=1            1       c23hpda5  00:04:55  00:19:40  
3232558_10.extern  extern         4                                                                               billing=4,cpu=4,gres/gpu:a100_3g.40gb=1,gres/gpu=1,mem=14740M,node=1  1       c23hpda5  00:04:55  00:19:40  

Pour plus d'informations sur la comptabilité du calcul, merci de consulter la documentation http://www-tech.criann.fr ou le manuel 'man sacct'
