Job ID: 3233889
--------- n_run 1 -----------------


Epoch 1/300
Train Loss: 0.3949, LR: 0.000007
tensor(1.0000, grad_fn=<ExpBackward0>)

Epoch 101/300
Train Loss: 0.0292, LR: 0.000669
tensor(0.9104, grad_fn=<ExpBackward0>)

Epoch 201/300
Train Loss: 0.0202, LR: 0.000750
tensor(0.7502, grad_fn=<ExpBackward0>)
AUC:        0.1150
Avg Precision: 0.5596
FPR@95:     1.0000
AUC: 0.1150 | FPR@95: 1.0000 | AP: 0.5596 | time: 123.64s

--------- n_run 2 -----------------


Epoch 1/300
Train Loss: 0.3949, LR: 0.000007
tensor(1.0000, grad_fn=<ExpBackward0>)

Epoch 101/300
Train Loss: 0.0304, LR: 0.000669
tensor(0.9091, grad_fn=<ExpBackward0>)

Epoch 201/300
Train Loss: 0.0206, LR: 0.000750
tensor(0.7496, grad_fn=<ExpBackward0>)
AUC:        0.0955
Avg Precision: 0.5543
FPR@95:     1.0000
AUC: 0.0955 | FPR@95: 1.0000 | AP: 0.5543 | time: 121.23s

--------- n_run 3 -----------------


Epoch 1/300
Train Loss: 0.3949, LR: 0.000007
tensor(1.0000, grad_fn=<ExpBackward0>)

Epoch 101/300
Train Loss: 0.0309, LR: 0.000669
tensor(0.9099, grad_fn=<ExpBackward0>)

Epoch 201/300
Train Loss: 0.0207, LR: 0.000750
tensor(0.7500, grad_fn=<ExpBackward0>)
AUC:        0.1037
Avg Precision: 0.5563
FPR@95:     1.0000
AUC: 0.1037 | FPR@95: 1.0000 | AP: 0.5563 | time: 112.94s

========================================
Dataset:        MVTecAD
Inlier class:   screw
Embedding type: vit_base_patch16_224
AD model:       flocat-genagn
Training time:  119.27 sec
----------------------------------------
AUC:            0.1047 ± 0.0080
Avg Precision:  0.5567 ± 0.0022
FPR@95:         1.0000 ± 0.0000
========================================



########################################
   Comptabilité du calcul 3233889 
########################################
$ sacct --format='JobID,Partition,JobName,MaxRSS,MaxVMSize,NTasks,AllocCPUS,Start,End,Elapsed,AveCPU,MinCPU,NNodes,ExitCode,State' -j 3233889
JobID             Partition  JobName        MaxRSS   MaxVMSize  NTasks  AllocCPUS  Start                End                  Elapsed   AveCPU  MinCPU  NNodes  ExitCode  State      
-----             ---------  -------        -------  ---------  ------  ---------  -----                ---                  -------   ------  ------  ------  --------  -----      
3233879_9         hpda       flocat-genagn                              2          2026-09-17T10:02:14  2026-09-17T10:08:23  00:06:09                  1       0:0       COMPLETED  
3233879_9.batch              batch                              1       2          2026-09-17T10:02:14  2026-09-17T10:08:23  00:06:09                  1       0:0       COMPLETED  
3233879_9.extern             extern                             1       2          2026-09-17T10:02:14  2026-09-17T10:08:23  00:06:09                  1       0:0       COMPLETED  

$ sacct --format='JobID,JobName,AllocCPUS,ReqTRES,AllocTRES,NNodes,NodeList,Elapsed,CPUTime' -j 3233889
JobID             JobName        AllocCPUS  ReqTRES                           AllocTRES                         NNodes  NodeList  Elapsed   CPUTime   
-----             -------        ---------  -------                           ---------                         ------  --------  -------   -------   
3233879_9         flocat-genagn  2          billing=1,cpu=1,mem=3685M,node=1  billing=2,cpu=2,mem=7370M,node=1  1       c23hpda2  00:06:09  00:12:18  
3233879_9.batch   batch          2                                            cpu=2,mem=7370M,node=1            1       c23hpda2  00:06:09  00:12:18  
3233879_9.extern  extern         2                                            billing=2,cpu=2,mem=7370M,node=1  1       c23hpda2  00:06:09  00:12:18  

Pour plus d'informations sur la comptabilité du calcul, merci de consulter la documentation http://www-tech.criann.fr ou le manuel 'man sacct'
