Job ID: 3233885
--------- n_run 1 -----------------


Epoch 1/300
Train Loss: 0.4338, LR: 0.000007
tensor(1.0000, grad_fn=<ExpBackward0>)

Epoch 101/300
Train Loss: 0.0754, LR: 0.000669
tensor(0.9011, grad_fn=<ExpBackward0>)

Epoch 201/300
Train Loss: 0.0586, LR: 0.000750
tensor(0.7212, grad_fn=<ExpBackward0>)
AUC:        0.8596
Avg Precision: 0.9254
FPR@95:     0.6500
AUC: 0.8596 | FPR@95: 0.6500 | AP: 0.9254 | time: 159.11s

--------- n_run 2 -----------------


Epoch 1/300
Train Loss: 0.4316, LR: 0.000007
tensor(1.0000, grad_fn=<ExpBackward0>)

Epoch 101/300
Train Loss: 0.0745, LR: 0.000669
tensor(0.8995, grad_fn=<ExpBackward0>)

Epoch 201/300
Train Loss: 0.0603, LR: 0.000750
tensor(0.7204, grad_fn=<ExpBackward0>)
AUC:        0.8718
Avg Precision: 0.9340
FPR@95:     0.7000
AUC: 0.8718 | FPR@95: 0.7000 | AP: 0.9340 | time: 154.97s

--------- n_run 3 -----------------


Epoch 1/300
Train Loss: 0.4322, LR: 0.000007
tensor(1.0000, grad_fn=<ExpBackward0>)

Epoch 101/300
Train Loss: 0.0744, LR: 0.000669
tensor(0.8991, grad_fn=<ExpBackward0>)

Epoch 201/300
Train Loss: 0.0598, LR: 0.000750
tensor(0.7202, grad_fn=<ExpBackward0>)
AUC:        0.8375
Avg Precision: 0.9098
FPR@95:     0.7500
AUC: 0.8375 | FPR@95: 0.7500 | AP: 0.9098 | time: 135.31s

========================================
Dataset:        MVTecAD
Inlier class:   hazelnut
Embedding type: vit_base_patch16_224
AD model:       flocat-genagn
Training time:  149.80 sec
----------------------------------------
AUC:            0.8563 ± 0.0142
Avg Precision:  0.9231 ± 0.0100
FPR@95:         0.7000 ± 0.0408
========================================



########################################
   Comptabilité du calcul 3233885 
########################################
$ sacct --format='JobID,Partition,JobName,MaxRSS,MaxVMSize,NTasks,AllocCPUS,Start,End,Elapsed,AveCPU,MinCPU,NNodes,ExitCode,State' -j 3233885
JobID             Partition  JobName        MaxRSS   MaxVMSize  NTasks  AllocCPUS  Start                End                  Elapsed   AveCPU  MinCPU  NNodes  ExitCode  State      
-----             ---------  -------        -------  ---------  ------  ---------  -----                ---                  -------   ------  ------  ------  --------  -----      
3233879_5         hpda       flocat-genagn                              2          2026-09-17T10:02:14  2026-09-17T10:09:49  00:07:35                  1       0:0       COMPLETED  
3233879_5.batch              batch                              1       2          2026-09-17T10:02:14  2026-09-17T10:09:49  00:07:35                  1       0:0       COMPLETED  
3233879_5.extern             extern                             1       2          2026-09-17T10:02:14  2026-09-17T10:09:49  00:07:35                  1       0:0       COMPLETED  

$ sacct --format='JobID,JobName,AllocCPUS,ReqTRES,AllocTRES,NNodes,NodeList,Elapsed,CPUTime' -j 3233885
JobID             JobName        AllocCPUS  ReqTRES                           AllocTRES                         NNodes  NodeList  Elapsed   CPUTime   
-----             -------        ---------  -------                           ---------                         ------  --------  -------   -------   
3233879_5         flocat-genagn  2          billing=1,cpu=1,mem=3685M,node=1  billing=2,cpu=2,mem=7370M,node=1  1       c23hpda1  00:07:35  00:15:10  
3233879_5.batch   batch          2                                            cpu=2,mem=7370M,node=1            1       c23hpda1  00:07:35  00:15:10  
3233879_5.extern  extern         2                                            billing=2,cpu=2,mem=7370M,node=1  1       c23hpda1  00:07:35  00:15:10  

Pour plus d'informations sur la comptabilité du calcul, merci de consulter la documentation http://www-tech.criann.fr ou le manuel 'man sacct'
