Job ID: 3233888
--------- n_run 1 -----------------


Epoch 1/300
Train Loss: 0.2531, LR: 0.000007
tensor(1.0000, grad_fn=<ExpBackward0>)

Epoch 101/300
Train Loss: 0.0318, LR: 0.000669
tensor(0.9293, grad_fn=<ExpBackward0>)

Epoch 201/300
Train Loss: 0.0219, LR: 0.000750
tensor(0.7871, grad_fn=<ExpBackward0>)
AUC:        0.8846
Avg Precision: 0.9766
FPR@95:     0.5385
AUC: 0.8846 | FPR@95: 0.5385 | AP: 0.9766 | time: 109.12s

--------- n_run 2 -----------------


Epoch 1/300
Train Loss: 0.2528, LR: 0.000007
tensor(1.0000, grad_fn=<ExpBackward0>)

Epoch 101/300
Train Loss: 0.0322, LR: 0.000669
tensor(0.9286, grad_fn=<ExpBackward0>)

Epoch 201/300
Train Loss: 0.0219, LR: 0.000750
tensor(0.7867, grad_fn=<ExpBackward0>)
AUC:        0.9067
Avg Precision: 0.9827
FPR@95:     0.5385
AUC: 0.9067 | FPR@95: 0.5385 | AP: 0.9827 | time: 105.95s

--------- n_run 3 -----------------


Epoch 1/300
Train Loss: 0.2544, LR: 0.000007
tensor(1.0000, grad_fn=<ExpBackward0>)

Epoch 101/300
Train Loss: 0.0333, LR: 0.000669
tensor(0.9288, grad_fn=<ExpBackward0>)

Epoch 201/300
Train Loss: 0.0231, LR: 0.000750
tensor(0.7869, grad_fn=<ExpBackward0>)
AUC:        0.8636
Avg Precision: 0.9716
FPR@95:     0.5000
AUC: 0.8636 | FPR@95: 0.5000 | AP: 0.9716 | time: 101.80s

========================================
Dataset:        MVTecAD
Inlier class:   pill
Embedding type: vit_base_patch16_224
AD model:       flocat-genagn
Training time:  105.63 sec
----------------------------------------
AUC:            0.8850 ± 0.0176
Avg Precision:  0.9770 ± 0.0046
FPR@95:         0.5256 ± 0.0181
========================================



########################################
   Comptabilité du calcul 3233888 
########################################
$ sacct --format='JobID,Partition,JobName,MaxRSS,MaxVMSize,NTasks,AllocCPUS,Start,End,Elapsed,AveCPU,MinCPU,NNodes,ExitCode,State' -j 3233888
JobID             Partition  JobName        MaxRSS   MaxVMSize  NTasks  AllocCPUS  Start                End                  Elapsed   AveCPU  MinCPU  NNodes  ExitCode  State      
-----             ---------  -------        -------  ---------  ------  ---------  -----                ---                  -------   ------  ------  ------  --------  -----      
3233879_8         hpda       flocat-genagn                              2          2026-09-17T10:02:14  2026-09-17T10:07:42  00:05:28                  1       0:0       COMPLETED  
3233879_8.batch              batch                              1       2          2026-09-17T10:02:14  2026-09-17T10:07:42  00:05:28                  1       0:0       COMPLETED  
3233879_8.extern             extern                             1       2          2026-09-17T10:02:14  2026-09-17T10:07:42  00:05:28                  1       0:0       COMPLETED  

$ sacct --format='JobID,JobName,AllocCPUS,ReqTRES,AllocTRES,NNodes,NodeList,Elapsed,CPUTime' -j 3233888
JobID             JobName        AllocCPUS  ReqTRES                           AllocTRES                         NNodes  NodeList  Elapsed   CPUTime   
-----             -------        ---------  -------                           ---------                         ------  --------  -------   -------   
3233879_8         flocat-genagn  2          billing=1,cpu=1,mem=3685M,node=1  billing=2,cpu=2,mem=7370M,node=1  1       c23hpda2  00:05:28  00:10:56  
3233879_8.batch   batch          2                                            cpu=2,mem=7370M,node=1            1       c23hpda2  00:05:28  00:10:56  
3233879_8.extern  extern         2                                            billing=2,cpu=2,mem=7370M,node=1  1       c23hpda2  00:05:28  00:10:56  

Pour plus d'informations sur la comptabilité du calcul, merci de consulter la documentation http://www-tech.criann.fr ou le manuel 'man sacct'
