Job ID: 3232651
--------- n_run 1 -----------------


Epoch 1/300
Train Loss: 0.6485, LR: 0.000007
tensor(1., device='cuda:0', grad_fn=<ExpBackward0>)

Epoch 101/300
Train Loss: 0.0916, LR: 0.000669
tensor(1., device='cuda:0', grad_fn=<ExpBackward0>)

Epoch 201/300
Train Loss: 0.0642, LR: 0.000750
tensor(1., device='cuda:0', grad_fn=<ExpBackward0>)
AUC:        0.6813
Avg Precision: 0.8172
FPR@95:     0.7317
AUC: 0.6813 | FPR@95: 0.7317 | AP: 0.8172 | time: 128.58s

--------- n_run 2 -----------------


Epoch 1/300
Train Loss: 0.6484, LR: 0.000007
tensor(1., device='cuda:0', grad_fn=<ExpBackward0>)

Epoch 101/300
Train Loss: 0.0931, LR: 0.000669
tensor(1., device='cuda:0', grad_fn=<ExpBackward0>)

Epoch 201/300
Train Loss: 0.0653, LR: 0.000750
tensor(1., device='cuda:0', grad_fn=<ExpBackward0>)
AUC:        0.6583
Avg Precision: 0.8068
FPR@95:     0.7805
AUC: 0.6583 | FPR@95: 0.7805 | AP: 0.8068 | time: 125.25s

--------- n_run 3 -----------------


Epoch 1/300
Train Loss: 0.6486, LR: 0.000007
tensor(1., device='cuda:0', grad_fn=<ExpBackward0>)

Epoch 101/300
Train Loss: 0.0923, LR: 0.000669
tensor(1., device='cuda:0', grad_fn=<ExpBackward0>)

Epoch 201/300
Train Loss: 0.0654, LR: 0.000750
tensor(1., device='cuda:0', grad_fn=<ExpBackward0>)
AUC:        0.6739
Avg Precision: 0.8141
FPR@95:     0.7317
AUC: 0.6739 | FPR@95: 0.7317 | AP: 0.8141 | time: 122.86s

========================================
Dataset:        MVTecAD
Inlier class:   screw
Embedding type: vit_base_patch16_224
AD model:       flocat-genagn
Training time:  125.56 sec
----------------------------------------
AUC:            0.6712 ± 0.0096
Avg Precision:  0.8127 ± 0.0044
FPR@95:         0.7480 ± 0.0230
========================================



########################################
   Comptabilité du calcul 3232651 
########################################
$ sacct --format='JobID,Partition,JobName,MaxRSS,MaxVMSize,NTasks,AllocCPUS,Start,End,Elapsed,AveCPU,MinCPU,NNodes,ExitCode,State' -j 3232651
JobID             Partition  JobName        MaxRSS   MaxVMSize  NTasks  AllocCPUS  Start                End                  Elapsed   AveCPU  MinCPU  NNodes  ExitCode  State      
-----             ---------  -------        -------  ---------  ------  ---------  -----                ---                  -------   ------  ------  ------  --------  -----      
3232558_9         hpda_mig   flocat-genagn                              4          2026-09-16T17:33:25  2026-09-16T17:39:49  00:06:24                  1       0:0       COMPLETED  
3232558_9.batch              batch                              1       4          2026-09-16T17:33:25  2026-09-16T17:39:49  00:06:24                  1       0:0       COMPLETED  
3232558_9.extern             extern                             1       4          2026-09-16T17:33:25  2026-09-16T17:39:49  00:06:24                  1       0:0       COMPLETED  

$ sacct --format='JobID,JobName,AllocCPUS,ReqTRES,AllocTRES,NNodes,NodeList,Elapsed,CPUTime' -j 3232651
JobID             JobName        AllocCPUS  ReqTRES                                                              AllocTRES                                                             NNodes  NodeList  Elapsed   CPUTime   
-----             -------        ---------  -------                                                              ---------                                                             ------  --------  -------   -------   
3232558_9         flocat-genagn  4          billing=1,cpu=1,gres/gpu:a100_3g.40gb=1,gres/gpu=1,mem=3685M,node=1  billing=4,cpu=4,gres/gpu:a100_3g.40gb=1,gres/gpu=1,mem=14740M,node=1  1       c23hpda5  00:06:24  00:25:36  
3232558_9.batch   batch          4                                                                               cpu=4,gres/gpu:a100_3g.40gb=1,gres/gpu=1,mem=14740M,node=1            1       c23hpda5  00:06:24  00:25:36  
3232558_9.extern  extern         4                                                                               billing=4,cpu=4,gres/gpu:a100_3g.40gb=1,gres/gpu=1,mem=14740M,node=1  1       c23hpda5  00:06:24  00:25:36  

Pour plus d'informations sur la comptabilité du calcul, merci de consulter la documentation http://www-tech.criann.fr ou le manuel 'man sacct'
