Job ID: 3233881
--------- n_run 1 -----------------


Epoch 1/300
Train Loss: 0.4532, LR: 0.000007
tensor(1.0000, grad_fn=<ExpBackward0>)

Epoch 101/300
Train Loss: 0.0991, LR: 0.000669
tensor(0.9563, grad_fn=<ExpBackward0>)

Epoch 201/300
Train Loss: 0.0722, LR: 0.000750
tensor(0.8216, grad_fn=<ExpBackward0>)
AUC:        0.8741
Avg Precision: 0.9240
FPR@95:     0.6552
AUC: 0.8741 | FPR@95: 0.6552 | AP: 0.9240 | time: 90.71s

--------- n_run 2 -----------------


Epoch 1/300
Train Loss: 0.4531, LR: 0.000007
tensor(1.0000, grad_fn=<ExpBackward0>)

Epoch 101/300
Train Loss: 0.0991, LR: 0.000669
tensor(0.9551, grad_fn=<ExpBackward0>)

Epoch 201/300
Train Loss: 0.0727, LR: 0.000750
tensor(0.8200, grad_fn=<ExpBackward0>)
AUC:        0.8564
Avg Precision: 0.9041
FPR@95:     0.5172
AUC: 0.8564 | FPR@95: 0.5172 | AP: 0.9041 | time: 89.04s

--------- n_run 3 -----------------


Epoch 1/300
Train Loss: 0.4532, LR: 0.000007
tensor(1.0000, grad_fn=<ExpBackward0>)

Epoch 101/300
Train Loss: 0.0996, LR: 0.000669
tensor(0.9553, grad_fn=<ExpBackward0>)

Epoch 201/300
Train Loss: 0.0730, LR: 0.000750
tensor(0.8214, grad_fn=<ExpBackward0>)
AUC:        0.8624
Avg Precision: 0.9140
FPR@95:     0.5517
AUC: 0.8624 | FPR@95: 0.5517 | AP: 0.9140 | time: 88.07s

========================================
Dataset:        MVTecAD
Inlier class:   cable
Embedding type: vit_base_patch16_224
AD model:       flocat-genagn
Training time:  89.28 sec
----------------------------------------
AUC:            0.8643 ± 0.0073
Avg Precision:  0.9140 ± 0.0082
FPR@95:         0.5747 ± 0.0586
========================================



########################################
   Comptabilité du calcul 3233881 
########################################
$ sacct --format='JobID,Partition,JobName,MaxRSS,MaxVMSize,NTasks,AllocCPUS,Start,End,Elapsed,AveCPU,MinCPU,NNodes,ExitCode,State' -j 3233881
JobID             Partition  JobName        MaxRSS   MaxVMSize  NTasks  AllocCPUS  Start                End                  Elapsed   AveCPU  MinCPU  NNodes  ExitCode  State      
-----             ---------  -------        -------  ---------  ------  ---------  -----                ---                  -------   ------  ------  ------  --------  -----      
3233879_1         hpda       flocat-genagn                              2          2026-09-17T10:02:14  2026-09-17T10:06:47  00:04:33                  1       0:0       COMPLETED  
3233879_1.batch              batch                              1       2          2026-09-17T10:02:14  2026-09-17T10:06:47  00:04:33                  1       0:0       COMPLETED  
3233879_1.extern             extern                             1       2          2026-09-17T10:02:14  2026-09-17T10:06:47  00:04:33                  1       0:0       COMPLETED  

$ sacct --format='JobID,JobName,AllocCPUS,ReqTRES,AllocTRES,NNodes,NodeList,Elapsed,CPUTime' -j 3233881
JobID             JobName        AllocCPUS  ReqTRES                           AllocTRES                         NNodes  NodeList  Elapsed   CPUTime   
-----             -------        ---------  -------                           ---------                         ------  --------  -------   -------   
3233879_1         flocat-genagn  2          billing=1,cpu=1,mem=3685M,node=1  billing=2,cpu=2,mem=7370M,node=1  1       c23hpda1  00:04:33  00:09:06  
3233879_1.batch   batch          2                                            cpu=2,mem=7370M,node=1            1       c23hpda1  00:04:33  00:09:06  
3233879_1.extern  extern         2                                            billing=2,cpu=2,mem=7370M,node=1  1       c23hpda1  00:04:33  00:09:06  

Pour plus d'informations sur la comptabilité du calcul, merci de consulter la documentation http://www-tech.criann.fr ou le manuel 'man sacct'
